Archive member included to satisfy reference by file (symbol)

C:/PROGRA~2/ARMGNU~1/13C7F1~1.2R~/bin/../lib/gcc/arm-none-eabi/13.2.1/thumb/v8-m.main+fp/softfp\libm.a(libm_a-wf_sqrt.o)
                              CMakeFiles/psram-test.dir/F_/Dev/tools/pico-sdk-master/src/rp2_common/pico_float/float_math.c.obj (sqrtf)
C:/PROGRA~2/ARMGNU~1/13C7F1~1.2R~/bin/../lib/gcc/arm-none-eabi/13.2.1/thumb/v8-m.main+fp/softfp\libm.a(libm_a-ef_sqrt.o)
                              C:/PROGRA~2/ARMGNU~1/13C7F1~1.2R~/bin/../lib/gcc/arm-none-eabi/13.2.1/thumb/v8-m.main+fp/softfp\libm.a(libm_a-wf_sqrt.o) (__ieee754_sqrtf)
C:/PROGRA~2/ARMGNU~1/13C7F1~1.2R~/bin/../lib/gcc/arm-none-eabi/13.2.1/thumb/v8-m.main+fp/softfp\libgcc.a(_arm_addsubdf3.o)
                              CMakeFiles/psram-test.dir/F_/Dev/tools/pico-sdk-master/src/rp2_common/pico_float/float_math.c.obj (__aeabi_f2d)
C:/PROGRA~2/ARMGNU~1/13C7F1~1.2R~/bin/../lib/gcc/arm-none-eabi/13.2.1/thumb/v8-m.main+fp/softfp\libgcc.a(_aeabi_ldivmod.o)
                              CMakeFiles/psram-test.dir/rp2_psram.c.obj (__aeabi_ldivmod)
C:/PROGRA~2/ARMGNU~1/13C7F1~1.2R~/bin/../lib/gcc/arm-none-eabi/13.2.1/thumb/v8-m.main+fp/softfp\libgcc.a(_aeabi_uldivmod.o)
                              CMakeFiles/psram-test.dir/F_/Dev/tools/pico-sdk-master/src/rp2_common/hardware_clocks/clocks.c.obj (__aeabi_uldivmod)
C:/PROGRA~2/ARMGNU~1/13C7F1~1.2R~/bin/../lib/gcc/arm-none-eabi/13.2.1/thumb/v8-m.main+fp/softfp\libgcc.a(_udivmoddi4.o)
                              C:/PROGRA~2/ARMGNU~1/13C7F1~1.2R~/bin/../lib/gcc/arm-none-eabi/13.2.1/thumb/v8-m.main+fp/softfp\libgcc.a(_aeabi_ldivmod.o) (__udivmoddi4)
C:/PROGRA~2/ARMGNU~1/13C7F1~1.2R~/bin/../lib/gcc/arm-none-eabi/13.2.1/thumb/v8-m.main+fp/softfp\libgcc.a(_dvmd_tls.o)
                              C:/PROGRA~2/ARMGNU~1/13C7F1~1.2R~/bin/../lib/gcc/arm-none-eabi/13.2.1/thumb/v8-m.main+fp/softfp\libgcc.a(_aeabi_ldivmod.o) (__aeabi_ldiv0)
C:/PROGRA~2/ARMGNU~1/13C7F1~1.2R~/bin/../lib/gcc/arm-none-eabi/13.2.1/thumb/v8-m.main+fp/softfp\libg.a(libc_a-calloc.o)
                              CMakeFiles/psram-test.dir/F_/Dev/tools/pico-sdk-master/src/rp2_common/pico_malloc/malloc.c.obj (calloc)
C:/PROGRA~2/ARMGNU~1/13C7F1~1.2R~/bin/../lib/gcc/arm-none-eabi/13.2.1/thumb/v8-m.main+fp/softfp\libg.a(libc_a-callocr.o)
                              C:/PROGRA~2/ARMGNU~1/13C7F1~1.2R~/bin/../lib/gcc/arm-none-eabi/13.2.1/thumb/v8-m.main+fp/softfp\libg.a(libc_a-calloc.o) (_calloc_r)
C:/PROGRA~2/ARMGNU~1/13C7F1~1.2R~/bin/../lib/gcc/arm-none-eabi/13.2.1/thumb/v8-m.main+fp/softfp\libg.a(libc_a-malloc.o)
                              CMakeFiles/psram-test.dir/F_/Dev/tools/pico-sdk-master/src/rp2_common/pico_malloc/malloc.c.obj (malloc)
C:/PROGRA~2/ARMGNU~1/13C7F1~1.2R~/bin/../lib/gcc/arm-none-eabi/13.2.1/thumb/v8-m.main+fp/softfp\libg.a(libc_a-mallocr.o)
                              C:/PROGRA~2/ARMGNU~1/13C7F1~1.2R~/bin/../lib/gcc/arm-none-eabi/13.2.1/thumb/v8-m.main+fp/softfp\libg.a(libc_a-callocr.o) (_malloc_r)
C:/PROGRA~2/ARMGNU~1/13C7F1~1.2R~/bin/../lib/gcc/arm-none-eabi/13.2.1/thumb/v8-m.main+fp/softfp\libg.a(libc_a-mlock.o)
                              C:/PROGRA~2/ARMGNU~1/13C7F1~1.2R~/bin/../lib/gcc/arm-none-eabi/13.2.1/thumb/v8-m.main+fp/softfp\libg.a(libc_a-mallocr.o) (__malloc_lock)
C:/PROGRA~2/ARMGNU~1/13C7F1~1.2R~/bin/../lib/gcc/arm-none-eabi/13.2.1/thumb/v8-m.main+fp/softfp\libg.a(libc_a-realloc.o)
                              CMakeFiles/psram-test.dir/F_/Dev/tools/pico-sdk-master/src/rp2_common/pico_malloc/malloc.c.obj (realloc)
C:/PROGRA~2/ARMGNU~1/13C7F1~1.2R~/bin/../lib/gcc/arm-none-eabi/13.2.1/thumb/v8-m.main+fp/softfp\libg.a(libc_a-reallocr.o)
                              C:/PROGRA~2/ARMGNU~1/13C7F1~1.2R~/bin/../lib/gcc/arm-none-eabi/13.2.1/thumb/v8-m.main+fp/softfp\libg.a(libc_a-realloc.o) (_realloc_r)
C:/PROGRA~2/ARMGNU~1/13C7F1~1.2R~/bin/../lib/gcc/arm-none-eabi/13.2.1/thumb/v8-m.main+fp/softfp\libg.a(libc_a-ctype_.o)
                              CMakeFiles/psram-test.dir/F_/Dev/tools/pico-sdk-master/lib/tinyusb/src/tusb.c.obj (_ctype_)
C:/PROGRA~2/ARMGNU~1/13C7F1~1.2R~/bin/../lib/gcc/arm-none-eabi/13.2.1/thumb/v8-m.main+fp/softfp\libg.a(libc_a-memcmp.o)
                              CMakeFiles/psram-test.dir/F_/Dev/tools/pico-sdk-master/src/rp2_common/pico_atomic/atomic.c.obj (memcmp)
C:/PROGRA~2/ARMGNU~1/13C7F1~1.2R~/bin/../lib/gcc/arm-none-eabi/13.2.1/thumb/v8-m.main+fp/softfp\libg.a(libc_a-memmove.o)
                              C:/PROGRA~2/ARMGNU~1/13C7F1~1.2R~/bin/../lib/gcc/arm-none-eabi/13.2.1/thumb/v8-m.main+fp/softfp\libg.a(libc_a-reallocr.o) (memmove)
C:/PROGRA~2/ARMGNU~1/13C7F1~1.2R~/bin/../lib/gcc/arm-none-eabi/13.2.1/thumb/v8-m.main+fp/softfp\libg.a(libc_a-memset.o)
                              C:/PROGRA~2/ARMGNU~1/13C7F1~1.2R~/bin/../lib/gcc/arm-none-eabi/13.2.1/thumb/v8-m.main+fp/softfp/crt0.o (memset)
[...]
Memory Configuration

Name             Origin             Length             Attributes
FLASH            0x10000000         0x00400000         xr
RAM              0x20000000         0x00080000         xrw
SCRATCH_X        0x20080000         0x00001000         xrw
SCRATCH_Y        0x20081000         0x00001000         xrw
*default*        0x00000000         0xffffffff

Linker script and memory map

LOAD C:/PROGRA~2/ARMGNU~1/13C7F1~1.2R~/bin/../lib/gcc/arm-none-eabi/13.2.1/thumb/v8-m.main+fp/softfp/crti.o
LOAD C:/PROGRA~2/ARMGNU~1/13C7F1~1.2R~/bin/../lib/gcc/arm-none-eabi/13.2.1/thumb/v8-m.main+fp/softfp/crtbegin.o
LOAD C:/PROGRA~2/ARMGNU~1/13C7F1~1.2R~/bin/../lib/gcc/arm-none-eabi/13.2.1/thumb/v8-m.main+fp/softfp/crt0.o

.flash_begin    0x10000000        0x0
                0x10000000                        __flash_binary_start = .

.text           0x10000000     0x62a8
                0x10000000                        __logical_binary_start = .
 *(.vectors)
 .vectors       0x10000000      0x124 CMakeFiles/psram-test.dir/F_/Dev/tools/pico-sdk-master/src/rp2_common/pico_crt0/crt0.S.obj
                0x10000000                __VECTOR_TABLE
                0x10000000                __vectors
                0x10000110                __default_isrs_start
                0x10000110                isr_invalid
                0x10000112                isr_nmi
                0x10000114                isr_hardfault
                0x10000116                isr_svcall
                0x10000118                isr_pendsv
                0x1000011a                isr_systick
                0x1000011c                isr_irq31
                0x1000011c                isr_irq5
                0x1000011c                isr_irq11
                0x1000011c                isr_irq32
                0x1000011c                isr_irq23
                0x1000011c                isr_irq48
                0x1000011c                isr_irq35
                0x1000011c                isr_irq18
                0x1000011c                isr_irq50
                0x1000011c                isr_irq27
                0x1000011c                isr_irq40
                0x1000011c                isr_irq28
                0x1000011c                isr_irq19
                0x1000011c                isr_irq36
                0x1000011c                isr_irq41
                0x1000011c                isr_irq0
                0x1000011c                isr_irq6
                0x1000011c                isr_irq45
                0x1000011c                isr_irq12
                0x1000011c                isr_irq37
                0x1000011c                isr_irq42
                0x1000011c                isr_irq22
                0x1000011c                isr_irq43
                0x1000011c                isr_irq17
                0x1000011c                isr_irq38
                0x1000011c                isr_irq14
                0x1000011c                isr_irq13
                0x1000011c                isr_irq2
                0x1000011c                isr_irq10
                0x1000011c                isr_irq8
                0x1000011c                isr_irq24
                0x1000011c                isr_irq46
                0x1000011c                isr_irq1
                0x1000011c                isr_irq47
                0x1000011c                isr_irq51
                0x1000011c                isr_irq7
                0x1000011c                isr_irq21
                0x1000011c                isr_irq39
                0x1000011c                isr_irq20
                0x1000011c                isr_irq15
                0x1000011c                isr_irq25
                0x1000011c                isr_irq34
                0x1000011c                isr_irq49
                0x1000011c                __unhandled_user_irq
                0x1000011c                isr_irq4
                0x1000011c                isr_irq16
                0x1000011c                isr_irq44
                0x1000011c                isr_irq29
                0x1000011c                isr_irq26
                0x1000011c                __default_isrs_end
                0x1000011c                isr_irq33
                0x1000011c                isr_irq3
                0x1000011c                isr_irq30
                0x1000011c                isr_irq9
                0x10000122                unhandled_user_irq_num_in_r0
 *(.binary_info_header)
 .binary_info_header
                0x10000124       0x14 CMakeFiles/psram-test.dir/F_/Dev/tools/pico-sdk-master/src/rp2_common/pico_crt0/crt0.S.obj
                0x10000138                        __binary_info_header_end = .
 *(.embedded_block)
 .embedded_block
                0x10000138       0x14 CMakeFiles/psram-test.dir/F_/Dev/tools/pico-sdk-master/src/rp2_common/pico_crt0/crt0.S.obj
                0x1000014c                        __embedded_block_end = .
 *(.reset)
 .reset         0x1000014c       0xa0 CMakeFiles/psram-test.dir/F_/Dev/tools/pico-sdk-master/src/rp2_common/pico_crt0/crt0.S.obj
                0x1000014c                _entry_point
 *(.init)
 .init          0x100001ec        0x4 C:/PROGRA~2/ARMGNU~1/13C7F1~1.2R~/bin/../lib/gcc/arm-none-eabi/13.2.1/thumb/v8-m.main+fp/softfp/crti.o
                0x100001ec                _init
 *libgcc.a:cmse_nonsecure_call.o()
 *(EXCLUDE_FILE(*libm.a: *libc.a:*lib_a-mem*.o *libgcc.a:) .text*)
 .text.register_tm_clones
                0x100001f0       0x28 C:/PROGRA~2/ARMGNU~1/13C7F1~1.2R~/bin/../lib/gcc/arm-none-eabi/13.2.1/thumb/v8-m.main+fp/softfp/crtbegin.o
 .text.frame_dummy
                0x10000218       0x24 C:/PROGRA~2/ARMGNU~1/13C7F1~1.2R~/bin/../lib/gcc/arm-none-eabi/13.2.1/thumb/v8-m.main+fp/softfp/crtbegin.o
 .text.set_sys_clock_khz
                0x1000023c       0x38 CMakeFiles/psram-test.dir/psram_test.c.obj
 *fill*         0x10000274        0x4 
 .text.main     0x10000278      0x164 CMakeFiles/psram-test.dir/psram_test.c.obj
                0x10000278                main
 .text.gpio_set_function
                0x100003dc       0x38 CMakeFiles/psram-test.dir/F_/Dev/tools/pico-sdk-master/src/rp2_common/hardware_gpio/gpio.c.obj
                0x100003dc                gpio_set_function
 .text.gpio_init
                0x10000414       0x16 CMakeFiles/psram-test.dir/F_/Dev/tools/pico-sdk-master/src/rp2_common/hardware_gpio/gpio.c.obj
                0x10000414                gpio_init
 *fill*         0x1000042a        0x2 
 .text.panic    0x1000042c       0x30 CMakeFiles/psram-test.dir/F_/Dev/tools/pico-sdk-master/src/rp2_common/pico_platform_panic/panic.c.obj
                0x1000042c                panic
 .text.hw_claim_lock
                0x1000045c       0x24 CMakeFiles/psram-test.dir/F_/Dev/tools/pico-sdk-master/src/common/hardware_claim/claim.c.obj
                0x1000045c                hw_claim_lock
 .text.hw_claim_unlock
                0x10000480       0x14 CMakeFiles/psram-test.dir/F_/Dev/tools/pico-sdk-master/src/common/hardware_claim/claim.c.obj
                0x10000480                hw_claim_unlock
 .text.hw_claim_or_assert
                0x10000494       0x32 CMakeFiles/psram-test.dir/F_/Dev/tools/pico-sdk-master/src/common/hardware_claim/claim.c.obj
                0x10000494                hw_claim_or_assert
 .text.hw_claim_unused_from_range
                0x100004c6       0x4e CMakeFiles/psram-test.dir/F_/Dev/tools/pico-sdk-master/src/common/hardware_claim/claim.c.obj
                0x100004c6                hw_claim_unused_from_range
 .text.next_striped_spin_lock_num
                0x10000514       0x1c CMakeFiles/psram-test.dir/F_/Dev/tools/pico-sdk-master/src/rp2_common/hardware_sync/sync.c.obj
                0x10000514                next_striped_spin_lock_num
 .text.spin_lock_claim_unused
                0x10000530       0x24 CMakeFiles/psram-test.dir/F_/Dev/tools/pico-sdk-master/src/rp2_common/hardware_sync/sync.c.obj
                0x10000530                spin_lock_claim_unused
 .text.spinlock_set_extexclall
                0x10000554        0xe CMakeFiles/psram-test.dir/F_/Dev/tools/pico-sdk-master/src/rp2_common/hardware_sync_spin_lock/sync_spin_lock.c.obj
 *fill*         0x10000562        0x2 
 .text.spin_locks_reset
                0x10000564       0x1c CMakeFiles/psram-test.dir/F_/Dev/tools/pico-sdk-master/src/rp2_common/hardware_sync_spin_lock/sync_spin_lock.c.obj
                0x10000564                spin_locks_reset
 .text.set_raw_irq_handler_and_unlock
                0x10000580       0x24 CMakeFiles/psram-test.dir/F_/Dev/tools/pico-sdk-master/src/rp2_common/hardware_irq/irq.c.obj
 .text.nvic_ipr0
                0x100005a4        0x8 CMakeFiles/psram-test.dir/F_/Dev/tools/pico-sdk-master/src/rp2_common/hardware_irq/irq.c.obj
 .text.runtime_init_per_core_irq_priorities
                0x100005ac       0x1a CMakeFiles/psram-test.dir/F_/Dev/tools/pico-sdk-master/src/rp2_common/hardware_irq/irq.c.obj
                0x100005ac                runtime_init_per_core_irq_priorities
 *fill*         0x100005c6        0x2 
 .text.resolve_j_16
                0x100005c8       0x40 CMakeFiles/psram-test.dir/F_/Dev/tools/pico-sdk-master/src/rp2_common/hardware_irq/irq.c.obj
 .text.make_j_16
                0x10000608       0x3c CMakeFiles/psram-test.dir/F_/Dev/tools/pico-sdk-master/src/rp2_common/hardware_irq/irq.c.obj
 .text.irq_is_enabled
                0x10000644       0x20 CMakeFiles/psram-test.dir/F_/Dev/tools/pico-sdk-master/src/rp2_common/hardware_irq/irq.c.obj
                0x10000644                irq_is_enabled
 .text.irq_set_mask_n_enabled
                0x10000664       0x20 CMakeFiles/psram-test.dir/F_/Dev/tools/pico-sdk-master/src/rp2_common/hardware_irq/irq.c.obj
                0x10000664                irq_set_mask_n_enabled
 .text.irq_set_enabled
                0x10000684       0x14 CMakeFiles/psram-test.dir/F_/Dev/tools/pico-sdk-master/src/rp2_common/hardware_irq/irq.c.obj
                0x10000684                irq_set_enabled
 .text.irq_set_pending
                0x10000698       0x18 CMakeFiles/psram-test.dir/F_/Dev/tools/pico-sdk-master/src/rp2_common/hardware_irq/irq.c.obj
                0x10000698                irq_set_pending
 .text.irq_get_vtable_handler
                0x100006b0       0x10 CMakeFiles/psram-test.dir/F_/Dev/tools/pico-sdk-master/src/rp2_common/hardware_irq/irq.c.obj
                0x100006b0                irq_get_vtable_handler
 .text.irq_has_shared_handler
                0x100006c0       0x20 CMakeFiles/psram-test.dir/F_/Dev/tools/pico-sdk-master/src/rp2_common/hardware_irq/irq.c.obj
                0x100006c0                irq_has_shared_handler
 .text.irq_set_exclusive_handler
                0x100006e0       0x60 CMakeFiles/psram-test.dir/F_/Dev/tools/pico-sdk-master/src/rp2_common/hardware_irq/irq.c.obj
                0x100006e0                irq_set_exclusive_handler
 .text.irq_add_shared_handler
                0x10000740      0x234 CMakeFiles/psram-test.dir/F_/Dev/tools/pico-sdk-master/src/rp2_common/hardware_irq/irq.c.obj
                0x10000740                irq_add_shared_handler
 .text.irq_add_tail_to_free_list
                0x10000974       0xf8 CMakeFiles/psram-test.dir/F_/Dev/tools/pico-sdk-master/src/rp2_common/hardware_irq/irq.c.obj
                0x10000974                irq_add_tail_to_free_list
 .text.user_irq_claim_unused
                0x10000a6c       0x2c CMakeFiles/psram-test.dir/F_/Dev/tools/pico-sdk-master/src/rp2_common/hardware_irq/irq.c.obj
                0x10000a6c                user_irq_claim_unused
 .text.lock_init
                0x10000a98        0xc CMakeFiles/psram-test.dir/F_/Dev/tools/pico-sdk-master/src/common/pico_sync/lock_core.c.obj
                0x10000a98                lock_init
 .text.mutex_init
                0x10000aa4       0x1a CMakeFiles/psram-test.dir/F_/Dev/tools/pico-sdk-master/src/common/pico_sync/mutex.c.obj
                0x10000aa4                mutex_init
 .text.recursive_mutex_init
                0x10000abe       0x1e CMakeFiles/psram-test.dir/F_/Dev/tools/pico-sdk-master/src/common/pico_sync/mutex.c.obj
                0x10000abe                recursive_mutex_init
 .text.runtime_init_mutex
                0x10000adc       0x4c CMakeFiles/psram-test.dir/F_/Dev/tools/pico-sdk-master/src/common/pico_sync/mutex.c.obj
                0x10000adc                runtime_init_mutex
 .text.critical_section_init_with_lock_num
                0x10000b28       0x10 CMakeFiles/psram-test.dir/F_/Dev/tools/pico-sdk-master/src/common/pico_sync/critical_section.c.obj
                0x10000b28                critical_section_init_with_lock_num
 .text.critical_section_init
                0x10000b38       0x14 CMakeFiles/psram-test.dir/F_/Dev/tools/pico-sdk-master/src/common/pico_sync/critical_section.c.obj
                0x10000b38                critical_section_init
 .text.ta_from_current_irq
                0x10000b4c       0x24 CMakeFiles/psram-test.dir/F_/Dev/tools/pico-sdk-master/src/common/pico_time/time.c.obj
 .text.make_alarm_id
                0x10000b70        0x6 CMakeFiles/psram-test.dir/F_/Dev/tools/pico-sdk-master/src/common/pico_time/time.c.obj
 *fill*         0x10000b76        0x2 
 .text.sleep_until_callback
                0x10000b78       0x3c CMakeFiles/psram-test.dir/F_/Dev/tools/pico-sdk-master/src/common/pico_time/time.c.obj
 .text.alarm_pool_irq_handler
                0x10000bb4      0x2e0 CMakeFiles/psram-test.dir/F_/Dev/tools/pico-sdk-master/src/common/pico_time/time.c.obj
 .text.ta_enable_irq_handler
                0x10000e94       0x38 CMakeFiles/psram-test.dir/F_/Dev/tools/pico-sdk-master/src/common/pico_time/time.c.obj
 .text.alarm_pool_post_alloc_init
                0x10000ecc       0x7c CMakeFiles/psram-test.dir/F_/Dev/tools/pico-sdk-master/src/common/pico_time/time.c.obj
 .text.alarm_pool_get_default
                0x10000f48       0x28 CMakeFiles/psram-test.dir/F_/Dev/tools/pico-sdk-master/src/common/pico_time/time.c.obj
                0x10000f48                alarm_pool_get_default
 .text.alarm_pool_add_alarm_at_force_in_context
                0x10000f70       0xc0 CMakeFiles/psram-test.dir/F_/Dev/tools/pico-sdk-master/src/common/pico_time/time.c.obj
                0x10000f70                alarm_pool_add_alarm_at_force_in_context
 .text.alarm_pool_add_alarm_at
                0x10001030       0x38 CMakeFiles/psram-test.dir/F_/Dev/tools/pico-sdk-master/src/common/pico_time/time.c.obj
                0x10001030                alarm_pool_add_alarm_at
 .text.add_alarm_at
                0x10001068       0x26 CMakeFiles/psram-test.dir/F_/Dev/tools/pico-sdk-master/src/common/pico_time/time.c.obj
 .text.alarm_pool_cancel_alarm
                0x1000108e       0x72 CMakeFiles/psram-test.dir/F_/Dev/tools/pico-sdk-master/src/common/pico_time/time.c.obj
                0x1000108e                alarm_pool_cancel_alarm
 .text.cancel_alarm
                0x10001100       0x10 CMakeFiles/psram-test.dir/F_/Dev/tools/pico-sdk-master/src/common/pico_time/time.c.obj
 .text.alarm_pool_core_num
                0x10001110        0x4 CMakeFiles/psram-test.dir/F_/Dev/tools/pico-sdk-master/src/common/pico_time/time.c.obj
                0x10001110                alarm_pool_core_num
 .text.sleep_until
                0x10001114       0xc4 CMakeFiles/psram-test.dir/F_/Dev/tools/pico-sdk-master/src/common/pico_time/time.c.obj
                0x10001114                sleep_until
 .text.sleep_us
                0x100011d8       0x24 CMakeFiles/psram-test.dir/F_/Dev/tools/pico-sdk-master/src/common/pico_time/time.c.obj
                0x100011d8                sleep_us
 .text.sleep_ms
                0x100011fc       0x28 CMakeFiles/psram-test.dir/F_/Dev/tools/pico-sdk-master/src/common/pico_time/time.c.obj
                0x100011fc                sleep_ms
 .text.best_effort_wfe_or_timeout
                0x10001224      0x100 CMakeFiles/psram-test.dir/F_/Dev/tools/pico-sdk-master/src/common/pico_time/time.c.obj
                0x10001224                best_effort_wfe_or_timeout
 .text.alarm_pool_get_default_timer
                0x10001324        0x8 CMakeFiles/psram-test.dir/F_/Dev/tools/pico-sdk-master/src/common/pico_time/time.c.obj
                0x10001324                alarm_pool_get_default_timer
 .text.runtime_init_default_alarm_pool
                0x1000132c       0x34 CMakeFiles/psram-test.dir/F_/Dev/tools/pico-sdk-master/src/common/pico_time/time.c.obj
                0x1000132c                runtime_init_default_alarm_pool
 .text.timer_hardware_alarm_claim
                0x10001360       0x24 CMakeFiles/psram-test.dir/F_/Dev/tools/pico-sdk-master/src/rp2_common/hardware_timer/timer.c.obj
                0x10001360                timer_hardware_alarm_claim
 .text.timer_time_us_64
                0x10001384       0x10 CMakeFiles/psram-test.dir/F_/Dev/tools/pico-sdk-master/src/rp2_common/hardware_timer/timer.c.obj
                0x10001384                timer_time_us_64
 .text.timer_busy_wait_until
                0x10001394       0x1a CMakeFiles/psram-test.dir/F_/Dev/tools/pico-sdk-master/src/rp2_common/hardware_timer/timer.c.obj
                0x10001394                timer_busy_wait_until
 *fill*         0x100013ae        0x2 
 .text.time_us_64
                0x100013b0       0x10 CMakeFiles/psram-test.dir/F_/Dev/tools/pico-sdk-master/src/rp2_common/hardware_timer/timer.c.obj
                0x100013b0                time_us_64
 .text.busy_wait_until
                0x100013c0       0x14 CMakeFiles/psram-test.dir/F_/Dev/tools/pico-sdk-master/src/rp2_common/hardware_timer/timer.c.obj
                0x100013c0                busy_wait_until
 .text.clock_configure_internal
                0x100013d4       0xb8 CMakeFiles/psram-test.dir/F_/Dev/tools/pico-sdk-master/src/rp2_common/hardware_clocks/clocks.c.obj
 .text.clock_configure_undivided
                0x1000148c       0x12 CMakeFiles/psram-test.dir/F_/Dev/tools/pico-sdk-master/src/rp2_common/hardware_clocks/clocks.c.obj
                0x1000148c                clock_configure_undivided
 *fill*         0x1000149e        0x2 
 .text.clock_get_hz
                0x100014a0        0xc CMakeFiles/psram-test.dir/F_/Dev/tools/pico-sdk-master/src/rp2_common/hardware_clocks/clocks.c.obj
                0x100014a0                clock_get_hz
 .text.set_sys_clock_pll
                0x100014ac       0x64 CMakeFiles/psram-test.dir/F_/Dev/tools/pico-sdk-master/src/rp2_common/hardware_clocks/clocks.c.obj
                0x100014ac                set_sys_clock_pll
 .text.check_sys_clock_khz
                0x10001510       0x74 CMakeFiles/psram-test.dir/F_/Dev/tools/pico-sdk-master/src/rp2_common/hardware_clocks/clocks.c.obj
                0x10001510                check_sys_clock_khz
 .text.pll_init
                0x10001584      0x108 CMakeFiles/psram-test.dir/F_/Dev/tools/pico-sdk-master/src/rp2_common/hardware_pll/pll.c.obj
                0x10001584                pll_init
 .text.watchdog_update
                0x1000168c       0x14 CMakeFiles/psram-test.dir/F_/Dev/tools/pico-sdk-master/src/rp2_common/hardware_watchdog/watchdog.c.obj
                0x1000168c                watchdog_update
 .text._watchdog_enable
                0x100016a0       0x6c CMakeFiles/psram-test.dir/F_/Dev/tools/pico-sdk-master/src/rp2_common/hardware_watchdog/watchdog.c.obj
                0x100016a0                _watchdog_enable
 .text.watchdog_reboot
                0x1000170c       0x44 CMakeFiles/psram-test.dir/F_/Dev/tools/pico-sdk-master/src/rp2_common/hardware_watchdog/watchdog.c.obj
                0x1000170c                watchdog_reboot
 .text.tick_start
                0x10001750       0x1c CMakeFiles/psram-test.dir/F_/Dev/tools/pico-sdk-master/src/rp2_common/hardware_ticks/ticks.c.obj
                0x10001750                tick_start
 .text.rom_reboot
                0x1000176c       0x40 CMakeFiles/psram-test.dir/F_/Dev/tools/pico-sdk-master/src/rp2_common/pico_bootrom/bootrom.c.obj
 .text.rom_func_lookup
                0x100017ac       0x1e CMakeFiles/psram-test.dir/F_/Dev/tools/pico-sdk-master/src/rp2_common/pico_bootrom/bootrom.c.obj
                0x100017ac                rom_func_lookup
 .text.rom_reset_usb_boot_extra
                0x100017ca       0x20 CMakeFiles/psram-test.dir/F_/Dev/tools/pico-sdk-master/src/rp2_common/pico_bootrom/bootrom.c.obj
                0x100017ca                rom_reset_usb_boot_extra
 *fill*         0x100017ea        0x2 
 .text.runtime_init_bootrom_locking_enable
                0x100017ec       0x14 CMakeFiles/psram-test.dir/F_/Dev/tools/pico-sdk-master/src/rp2_common/pico_bootrom/bootrom_lock.c.obj
                0x100017ec                runtime_init_bootrom_locking_enable
 .text.boot_locks_reset
                0x10001800       0x20 CMakeFiles/psram-test.dir/F_/Dev/tools/pico-sdk-master/src/rp2_common/hardware_boot_lock/boot_lock.c.obj
                0x10001800                boot_locks_reset
 .text.runtime_init_boot_locks_reset
                0x10001820        0x8 CMakeFiles/psram-test.dir/F_/Dev/tools/pico-sdk-master/src/rp2_common/hardware_boot_lock/boot_lock.c.obj
                0x10001820                runtime_init_boot_locks_reset
 .text.xosc_init
                0x10001828       0x28 CMakeFiles/psram-test.dir/F_/Dev/tools/pico-sdk-master/src/rp2_common/hardware_xosc/xosc.c.obj
                0x10001828                xosc_init
 .text.runtime_run_initializers_from
                0x10001850       0x18 CMakeFiles/psram-test.dir/F_/Dev/tools/pico-sdk-master/src/rp2_common/pico_runtime/runtime.c.obj
 .text.first_per_core_initializer
                0x10001868        0x2 CMakeFiles/psram-test.dir/F_/Dev/tools/pico-sdk-master/src/rp2_common/pico_runtime/runtime.c.obj
 *fill*         0x1000186a        0x2 
 .text.runtime_run_initializers
                0x1000186c       0x10 CMakeFiles/psram-test.dir/F_/Dev/tools/pico-sdk-master/src/rp2_common/pico_runtime/runtime.c.obj
                0x1000186c                runtime_run_initializers
 .text.runtime_init_early_resets
                0x1000187c       0x2c CMakeFiles/psram-test.dir/F_/Dev/tools/pico-sdk-master/src/rp2_common/pico_runtime_init/runtime_init.c.obj
                0x1000187c                runtime_init_early_resets
 .text.runtime_init_usb_power_down
                0x100018a8       0x20 CMakeFiles/psram-test.dir/F_/Dev/tools/pico-sdk-master/src/rp2_common/pico_runtime_init/runtime_init.c.obj
                0x100018a8                runtime_init_usb_power_down
 .text.runtime_init_per_core_enable_coprocessors
                0x100018c8       0x1c CMakeFiles/psram-test.dir/F_/Dev/tools/pico-sdk-master/src/rp2_common/pico_runtime_init/runtime_init.c.obj
                0x100018c8                runtime_init_per_core_enable_coprocessors
 .text.runtime_init_post_clock_resets
                0x100018e4       0x20 CMakeFiles/psram-test.dir/F_/Dev/tools/pico-sdk-master/src/rp2_common/pico_runtime_init/runtime_init.c.obj
                0x100018e4                runtime_init_post_clock_resets
 .text.runtime_init_bootrom_reset
                0x10001904       0x12 CMakeFiles/psram-test.dir/F_/Dev/tools/pico-sdk-master/src/rp2_common/pico_runtime_init/runtime_init.c.obj
                0x10001904                runtime_init_bootrom_reset
 .text.runtime_init_per_core_bootrom_reset
                0x10001916       0x12 CMakeFiles/psram-test.dir/F_/Dev/tools/pico-sdk-master/src/rp2_common/pico_runtime_init/runtime_init.c.obj
                0x10001916                runtime_init_per_core_bootrom_reset
 .text.runtime_init_spin_locks_reset
                0x10001928        0x8 CMakeFiles/psram-test.dir/F_/Dev/tools/pico-sdk-master/src/rp2_common/pico_runtime_init/runtime_init.c.obj
                0x10001928                runtime_init_spin_locks_reset
 .text.runtime_init_install_ram_vector_table
                0x10001930       0x20 CMakeFiles/psram-test.dir/F_/Dev/tools/pico-sdk-master/src/rp2_common/pico_runtime_init/runtime_init.c.obj
                0x10001930                runtime_init_install_ram_vector_table
 .text.start_all_ticks
                0x10001950       0x28 CMakeFiles/psram-test.dir/F_/Dev/tools/pico-sdk-master/src/rp2_common/pico_runtime_init/runtime_init_clocks.c.obj
 .text.runtime_init_clocks
                0x10001978       0xc4 CMakeFiles/psram-test.dir/F_/Dev/tools/pico-sdk-master/src/rp2_common/pico_runtime_init/runtime_init_clocks.c.obj
                0x10001978                runtime_init_clocks
 .text.__rp2350_dcp_engaged_state_save_restore
                0x10001a3c       0x3a CMakeFiles/psram-test.dir/F_/Dev/tools/pico-sdk-master/src/rp2_common/pico_double/double_aeabi_dcp.S.obj
 *fill*         0x10001a76        0x2 
 .text.__wrap___aeabi_dadd
                0x10001a78       0x28 CMakeFiles/psram-test.dir/F_/Dev/tools/pico-sdk-master/src/rp2_common/pico_double/double_aeabi_dcp.S.obj
                0x10001a80                __wrap___aeabi_dadd
 .text.__wrap___aeabi_dsub
                0x10001aa0       0x28 CMakeFiles/psram-test.dir/F_/Dev/tools/pico-sdk-master/src/rp2_common/pico_double/double_aeabi_dcp.S.obj
                0x10001aa8                __wrap___aeabi_dsub
 .text.__wrap___aeabi_dmul
                0x10001ac8       0x4c CMakeFiles/psram-test.dir/F_/Dev/tools/pico-sdk-master/src/rp2_common/pico_double/double_aeabi_dcp.S.obj
                0x10001ad0                __wrap___aeabi_dmul
 .text.__wrap___aeabi_ddiv
                0x10001b14       0x9c CMakeFiles/psram-test.dir/F_/Dev/tools/pico-sdk-master/src/rp2_common/pico_double/double_aeabi_dcp.S.obj
                0x10001b1c                __wrap___aeabi_ddiv
 .text.__wrap___aeabi_d2f
                0x10001bb0       0x1c CMakeFiles/psram-test.dir/F_/Dev/tools/pico-sdk-master/src/rp2_common/pico_double/double_aeabi_dcp.S.obj
                0x10001bb8                __wrap___aeabi_d2f
 .text.__wrap___aeabi_i2d
                0x10001bcc       0x24 CMakeFiles/psram-test.dir/F_/Dev/tools/pico-sdk-master/src/rp2_common/pico_double/double_aeabi_dcp.S.obj
                0x10001bd4                __wrap___aeabi_i2d
 .text.__wrap___aeabi_ui2d
                0x10001bf0       0x24 CMakeFiles/psram-test.dir/F_/Dev/tools/pico-sdk-master/src/rp2_common/pico_double/double_aeabi_dcp.S.obj
                0x10001bf8                __wrap___aeabi_ui2d
 .text.__wrap___aeabi_d2iz
                0x10001c14       0x24 CMakeFiles/psram-test.dir/F_/Dev/tools/pico-sdk-master/src/rp2_common/pico_double/double_aeabi_dcp.S.obj
                0x10001c1c                __wrap___aeabi_d2iz
 .text.__wrap___aeabi_d2uiz
                0x10001c38       0x24 CMakeFiles/psram-test.dir/F_/Dev/tools/pico-sdk-master/src/rp2_common/pico_double/double_aeabi_dcp.S.obj
                0x10001c40                __wrap___aeabi_d2uiz
 .text.__wrap___aeabi_dcmpun
                0x10001c5c       0x24 CMakeFiles/psram-test.dir/F_/Dev/tools/pico-sdk-master/src/rp2_common/pico_double/double_aeabi_dcp.S.obj
                0x10001c64                __wrap___aeabi_dcmpun
 .text.__wrap___aeabi_dcmplt
                0x10001c80       0x28 CMakeFiles/psram-test.dir/F_/Dev/tools/pico-sdk-master/src/rp2_common/pico_double/double_aeabi_dcp.S.obj
                0x10001c88                __wrap___aeabi_dcmplt
 .text.__wrap___aeabi_dcmple
                0x10001ca8       0x28 CMakeFiles/psram-test.dir/F_/Dev/tools/pico-sdk-master/src/rp2_common/pico_double/double_aeabi_dcp.S.obj
                0x10001cb0                __wrap___aeabi_dcmple
 .text.__wrap___aeabi_dcmpge
                0x10001cd0       0x28 CMakeFiles/psram-test.dir/F_/Dev/tools/pico-sdk-master/src/rp2_common/pico_double/double_aeabi_dcp.S.obj
                0x10001cd8                __wrap___aeabi_dcmpge
 .text.__wrap___aeabi_dcmpgt
                0x10001cf8       0x28 CMakeFiles/psram-test.dir/F_/Dev/tools/pico-sdk-master/src/rp2_common/pico_double/double_aeabi_dcp.S.obj
                0x10001d00                __wrap___aeabi_dcmpgt
 .text._out_null
                0x10001d20        0x2 CMakeFiles/psram-test.dir/F_/Dev/tools/pico-sdk-master/src/rp2_common/pico_printf/printf.c.obj
 .text._out_fct
                0x10001d22        0xe CMakeFiles/psram-test.dir/F_/Dev/tools/pico-sdk-master/src/rp2_common/pico_printf/printf.c.obj
 .text._atoi    0x10001d30       0x26 CMakeFiles/psram-test.dir/F_/Dev/tools/pico-sdk-master/src/rp2_common/pico_printf/printf.c.obj
 .text._out_rev
                0x10001d56       0x7e CMakeFiles/psram-test.dir/F_/Dev/tools/pico-sdk-master/src/rp2_common/pico_printf/printf.c.obj
 .text._ntoa_format
                0x10001dd4      0x136 CMakeFiles/psram-test.dir/F_/Dev/tools/pico-sdk-master/src/rp2_common/pico_printf/printf.c.obj
 .text._ntoa_long
                0x10001f0a       0x94 CMakeFiles/psram-test.dir/F_/Dev/tools/pico-sdk-master/src/rp2_common/pico_printf/printf.c.obj
 .text._ntoa_long_long
                0x10001f9e       0xc2 CMakeFiles/psram-test.dir/F_/Dev/tools/pico-sdk-master/src/rp2_common/pico_printf/printf.c.obj
 .text._etoa    0x10002060      0x41c CMakeFiles/psram-test.dir/F_/Dev/tools/pico-sdk-master/src/rp2_common/pico_printf/printf.c.obj
 *fill*         0x1000247c        0x4 
 .text._ftoa    0x10002480      0x398 CMakeFiles/psram-test.dir/F_/Dev/tools/pico-sdk-master/src/rp2_common/pico_printf/printf.c.obj
 .text._vsnprintf
                0x10002818      0x6d0 CMakeFiles/psram-test.dir/F_/Dev/tools/pico-sdk-master/src/rp2_common/pico_printf/printf.c.obj
 .text.vfctprintf
                0x10002ee8       0x24 CMakeFiles/psram-test.dir/F_/Dev/tools/pico-sdk-master/src/rp2_common/pico_printf/printf.c.obj
                0x10002ee8                vfctprintf
 .text._exit    0x10002f0c        0x4 CMakeFiles/psram-test.dir/F_/Dev/tools/pico-sdk-master/src/rp2_common/pico_clib_interface/newlib_interface.c.obj
                0x10002f0c                _exit
 .text.exit     0x10002f10        0x6 CMakeFiles/psram-test.dir/F_/Dev/tools/pico-sdk-master/src/rp2_common/pico_clib_interface/newlib_interface.c.obj
                0x10002f10                exit
 *fill*         0x10002f16        0x2 
 .text.__assert_func
                0x10002f18       0x34 CMakeFiles/psram-test.dir/F_/Dev/tools/pico-sdk-master/src/rp2_common/pico_clib_interface/newlib_interface.c.obj
                0x10002f18                __assert_func
 .text.runtime_init
                0x10002f4c       0x2c CMakeFiles/psram-test.dir/F_/Dev/tools/pico-sdk-master/src/rp2_common/pico_clib_interface/newlib_interface.c.obj
                0x10002f4c                runtime_init
 .text.stdio_out_chars_no_crlf
                0x10002f78        0xe CMakeFiles/psram-test.dir/F_/Dev/tools/pico-sdk-master/src/rp2_common/pico_stdio/stdio.c.obj
 *fill*         0x10002f86        0x2 
 .text.stdio_out_chars_crlf
                0x10002f88       0x80 CMakeFiles/psram-test.dir/F_/Dev/tools/pico-sdk-master/src/rp2_common/pico_stdio/stdio.c.obj
 .text.stdio_stack_buffer_flush
                0x10003008       0x40 CMakeFiles/psram-test.dir/F_/Dev/tools/pico-sdk-master/src/rp2_common/pico_stdio/stdio.c.obj
 .text.stdio_buffered_printer
                0x10003048       0x20 CMakeFiles/psram-test.dir/F_/Dev/tools/pico-sdk-master/src/rp2_common/pico_stdio/stdio.c.obj
 .text.stdout_serialize_begin
                0x10003068       0x2c CMakeFiles/psram-test.dir/F_/Dev/tools/pico-sdk-master/src/rp2_common/pico_stdio/stdio.c.obj
                0x10003068                stdout_serialize_begin
 .text.stdout_serialize_end
                0x10003094       0x10 CMakeFiles/psram-test.dir/F_/Dev/tools/pico-sdk-master/src/rp2_common/pico_stdio/stdio.c.obj
                0x10003094                stdout_serialize_end
 .text.stdio_put_string
                0x100030a4       0x8c CMakeFiles/psram-test.dir/F_/Dev/tools/pico-sdk-master/src/rp2_common/pico_stdio/stdio.c.obj
                0x100030a4                stdio_put_string
 .text.stdio_set_driver_enabled
                0x10003130       0x28 CMakeFiles/psram-test.dir/F_/Dev/tools/pico-sdk-master/src/rp2_common/pico_stdio/stdio.c.obj
                0x10003130                stdio_set_driver_enabled
 .text.stdio_flush
                0x10003158       0x1c CMakeFiles/psram-test.dir/F_/Dev/tools/pico-sdk-master/src/rp2_common/pico_stdio/stdio.c.obj
                0x10003158                stdio_flush
 .text.stdio_init_all
                0x10003174        0x8 CMakeFiles/psram-test.dir/F_/Dev/tools/pico-sdk-master/src/rp2_common/pico_stdio/stdio.c.obj
                0x10003174                stdio_init_all
 .text.__wrap_puts
                0x1000317c       0x1e CMakeFiles/psram-test.dir/F_/Dev/tools/pico-sdk-master/src/rp2_common/pico_stdio/stdio.c.obj
                0x1000317c                stdio_puts
                0x1000317c                __wrap_puts
 *fill*         0x1000319a        0x2 
 .text.__wrap_vprintf
                0x1000319c       0x3c CMakeFiles/psram-test.dir/F_/Dev/tools/pico-sdk-master/src/rp2_common/pico_stdio/stdio.c.obj
                0x1000319c                stdio_vprintf
                0x1000319c                __wrap_vprintf
 .text.__wrap_printf
                0x100031d8       0x1c CMakeFiles/psram-test.dir/F_/Dev/tools/pico-sdk-master/src/rp2_common/pico_stdio/stdio.c.obj
                0x100031d8                __wrap_printf
                0x100031d8                stdio_printf
 .text.resetd_init
                0x100031f4        0x2 CMakeFiles/psram-test.dir/F_/Dev/tools/pico-sdk-master/src/rp2_common/pico_stdio_usb/reset_interface.c.obj
 *fill*         0x100031f6        0x2 
 .text.resetd_reset
                0x100031f8        0xc CMakeFiles/psram-test.dir/F_/Dev/tools/pico-sdk-master/src/rp2_common/pico_stdio_usb/reset_interface.c.obj
 .text.resetd_open
                0x10003204       0x34 CMakeFiles/psram-test.dir/F_/Dev/tools/pico-sdk-master/src/rp2_common/pico_stdio_usb/reset_interface.c.obj
 .text.resetd_xfer_cb
                0x10003238        0x4 CMakeFiles/psram-test.dir/F_/Dev/tools/pico-sdk-master/src/rp2_common/pico_stdio_usb/reset_interface.c.obj
 .text.resetd_control_xfer_cb
                0x1000323c       0x54 CMakeFiles/psram-test.dir/F_/Dev/tools/pico-sdk-master/src/rp2_common/pico_stdio_usb/reset_interface.c.obj
 .text.tud_descriptor_bos_cb
                0x10003290        0x8 CMakeFiles/psram-test.dir/F_/Dev/tools/pico-sdk-master/src/rp2_common/pico_stdio_usb/reset_interface.c.obj
                0x10003290                tud_descriptor_bos_cb
 .text.tud_vendor_control_xfer_cb
                0x10003298       0x30 CMakeFiles/psram-test.dir/F_/Dev/tools/pico-sdk-master/src/rp2_common/pico_stdio_usb/reset_interface.c.obj
                0x10003298                tud_vendor_control_xfer_cb
 .text.usbd_app_driver_get_cb
                0x100032c8        0xc CMakeFiles/psram-test.dir/F_/Dev/tools/pico-sdk-master/src/rp2_common/pico_stdio_usb/reset_interface.c.obj
                0x100032c8                usbd_app_driver_get_cb
 .text.tud_cdc_line_coding_cb
                0x100032d4       0x18 CMakeFiles/psram-test.dir/F_/Dev/tools/pico-sdk-master/src/rp2_common/pico_stdio_usb/reset_interface.c.obj
                0x100032d4                tud_cdc_line_coding_cb
 .text.critical_section_enter_blocking
                0x100032ec       0x26 CMakeFiles/psram-test.dir/F_/Dev/tools/pico-sdk-master/src/rp2_common/pico_stdio_usb/stdio_usb.c.obj
 *fill*         0x10003312        0x2 
 .text.stdio_usb_set_chars_available_callback
                0x10003314       0x14 CMakeFiles/psram-test.dir/F_/Dev/tools/pico-sdk-master/src/rp2_common/pico_stdio_usb/stdio_usb.c.obj
                0x10003314                stdio_usb_set_chars_available_callback
 .text.stdio_usb_out_flush
                0x10003328       0x48 CMakeFiles/psram-test.dir/F_/Dev/tools/pico-sdk-master/src/rp2_common/pico_stdio_usb/stdio_usb.c.obj
 .text.timer_task
                0x10003370       0x58 CMakeFiles/psram-test.dir/F_/Dev/tools/pico-sdk-master/src/rp2_common/pico_stdio_usb/stdio_usb.c.obj
 .text.usb_irq  0x100033c8       0x10 CMakeFiles/psram-test.dir/F_/Dev/tools/pico-sdk-master/src/rp2_common/pico_stdio_usb/stdio_usb.c.obj
 .text.alarm_pool_add_alarm_in_us
                0x100033d8       0x3a CMakeFiles/psram-test.dir/F_/Dev/tools/pico-sdk-master/src/rp2_common/pico_stdio_usb/stdio_usb.c.obj
 .text.add_alarm_in_us
                0x10003412       0x26 CMakeFiles/psram-test.dir/F_/Dev/tools/pico-sdk-master/src/rp2_common/pico_stdio_usb/stdio_usb.c.obj
 .text.low_priority_worker_irq
                0x10003438       0x94 CMakeFiles/psram-test.dir/F_/Dev/tools/pico-sdk-master/src/rp2_common/pico_stdio_usb/stdio_usb.c.obj
 .text.stdio_usb_init
                0x100034cc       0xd0 CMakeFiles/psram-test.dir/F_/Dev/tools/pico-sdk-master/src/rp2_common/pico_stdio_usb/stdio_usb.c.obj
                0x100034cc                stdio_usb_init
 .text.stdio_usb_connected
                0x1000359c        0xa CMakeFiles/psram-test.dir/F_/Dev/tools/pico-sdk-master/src/rp2_common/pico_stdio_usb/stdio_usb.c.obj
                0x1000359c                stdio_usb_connected
 *fill*         0x100035a6        0x2 
 .text.stdio_usb_in_chars
                0x100035a8       0x8c CMakeFiles/psram-test.dir/F_/Dev/tools/pico-sdk-master/src/rp2_common/pico_stdio_usb/stdio_usb.c.obj
                0x100035a8                stdio_usb_in_chars
 .text.stdio_usb_out_chars
                0x10003634       0xd4 CMakeFiles/psram-test.dir/F_/Dev/tools/pico-sdk-master/src/rp2_common/pico_stdio_usb/stdio_usb.c.obj
 .text.tud_descriptor_device_cb
                0x10003708        0x8 CMakeFiles/psram-test.dir/F_/Dev/tools/pico-sdk-master/src/rp2_common/pico_stdio_usb/stdio_usb_descriptors.c.obj
                0x10003708                tud_descriptor_device_cb
 .text.tud_descriptor_configuration_cb
                0x10003710        0x8 CMakeFiles/psram-test.dir/F_/Dev/tools/pico-sdk-master/src/rp2_common/pico_stdio_usb/stdio_usb_descriptors.c.obj
                0x10003710                tud_descriptor_configuration_cb
 .text.tud_descriptor_string_cb
                0x10003718       0x64 CMakeFiles/psram-test.dir/F_/Dev/tools/pico-sdk-master/src/rp2_common/pico_stdio_usb/stdio_usb_descriptors.c.obj
                0x10003718                tud_descriptor_string_cb
 .text._retrieve_unique_id_on_boot
                0x1000377c       0x58 CMakeFiles/psram-test.dir/F_/Dev/tools/pico-sdk-master/src/rp2_common/pico_unique_id/unique_id.c.obj
 .text.pico_get_unique_board_id_string
                0x100037d4       0x60 CMakeFiles/psram-test.dir/F_/Dev/tools/pico-sdk-master/src/rp2_common/pico_unique_id/unique_id.c.obj
                0x100037d4                pico_get_unique_board_id_string
 .text._hw_endpoint_alloc
                0x10003834       0x74 CMakeFiles/psram-test.dir/F_/Dev/tools/pico-sdk-master/lib/tinyusb/src/portable/raspberrypi/rp2040/dcd_rp2040.c.obj
 .text.hw_endpoint_init
                0x100038a8       0xb4 CMakeFiles/psram-test.dir/F_/Dev/tools/pico-sdk-master/lib/tinyusb/src/portable/raspberrypi/rp2040/dcd_rp2040.c.obj
 .text.hw_endpoint_xfer
                0x1000395c       0x1c CMakeFiles/psram-test.dir/F_/Dev/tools/pico-sdk-master/lib/tinyusb/src/portable/raspberrypi/rp2040/dcd_rp2040.c.obj
 .text.dcd_int_enable
                0x10003978       0x28 CMakeFiles/psram-test.dir/F_/Dev/tools/pico-sdk-master/lib/tinyusb/src/portable/raspberrypi/rp2040/dcd_rp2040.c.obj
                0x10003978                dcd_int_enable
 .text.dcd_set_address
                0x100039a0       0x2c CMakeFiles/psram-test.dir/F_/Dev/tools/pico-sdk-master/lib/tinyusb/src/portable/raspberrypi/rp2040/dcd_rp2040.c.obj
                0x100039a0                dcd_set_address
 .text.dcd_connect
                0x100039cc       0x10 CMakeFiles/psram-test.dir/F_/Dev/tools/pico-sdk-master/lib/tinyusb/src/portable/raspberrypi/rp2040/dcd_rp2040.c.obj
                0x100039cc                dcd_connect
 .text.dcd_init
                0x100039dc       0x80 CMakeFiles/psram-test.dir/F_/Dev/tools/pico-sdk-master/lib/tinyusb/src/portable/raspberrypi/rp2040/dcd_rp2040.c.obj
                0x100039dc                dcd_init
 .text.dcd_sof_enable
                0x10003a5c       0x1c CMakeFiles/psram-test.dir/F_/Dev/tools/pico-sdk-master/lib/tinyusb/src/portable/raspberrypi/rp2040/dcd_rp2040.c.obj
                0x10003a5c                dcd_sof_enable
 .text.dcd_edpt0_status_complete
                0x10003a78       0x20 CMakeFiles/psram-test.dir/F_/Dev/tools/pico-sdk-master/lib/tinyusb/src/portable/raspberrypi/rp2040/dcd_rp2040.c.obj
                0x10003a78                dcd_edpt0_status_complete
 .text.dcd_edpt_open
                0x10003a98       0x38 CMakeFiles/psram-test.dir/F_/Dev/tools/pico-sdk-master/lib/tinyusb/src/portable/raspberrypi/rp2040/dcd_rp2040.c.obj
                0x10003a98                dcd_edpt_open
 .text.dcd_edpt_close_all
                0x10003ad0        0x8 CMakeFiles/psram-test.dir/F_/Dev/tools/pico-sdk-master/lib/tinyusb/src/portable/raspberrypi/rp2040/dcd_rp2040.c.obj
                0x10003ad0                dcd_edpt_close_all
 .text.dcd_edpt_xfer
                0x10003ad8       0x2c CMakeFiles/psram-test.dir/F_/Dev/tools/pico-sdk-master/lib/tinyusb/src/portable/raspberrypi/rp2040/dcd_rp2040.c.obj
                0x10003ad8                dcd_edpt_xfer
 .text.dcd_edpt_stall
                0x10003b04       0x38 CMakeFiles/psram-test.dir/F_/Dev/tools/pico-sdk-master/lib/tinyusb/src/portable/raspberrypi/rp2040/dcd_rp2040.c.obj
                0x10003b04                dcd_edpt_stall
 .text.dcd_edpt_clear_stall
                0x10003b3c       0x28 CMakeFiles/psram-test.dir/F_/Dev/tools/pico-sdk-master/lib/tinyusb/src/portable/raspberrypi/rp2040/dcd_rp2040.c.obj
                0x10003b3c                dcd_edpt_clear_stall
 .text.unaligned_memcpy
                0x10003b64       0x14 CMakeFiles/psram-test.dir/F_/Dev/tools/pico-sdk-master/lib/tinyusb/src/portable/raspberrypi/rp2040/rp2040_usb.c.obj
 .text.rp2040_usb_init
                0x10003b78       0x40 CMakeFiles/psram-test.dir/F_/Dev/tools/pico-sdk-master/lib/tinyusb/src/portable/raspberrypi/rp2040/rp2040_usb.c.obj
                0x10003b78                rp2040_usb_init
 .text.hw_endpoint_xfer_start
                0x10003bb8       0x58 CMakeFiles/psram-test.dir/F_/Dev/tools/pico-sdk-master/lib/tinyusb/src/portable/raspberrypi/rp2040/rp2040_usb.c.obj
                0x10003bb8                hw_endpoint_xfer_start
 .text.critical_section_enter_blocking
                0x10003c10       0x26 CMakeFiles/psram-test.dir/F_/Dev/tools/pico-sdk-master/lib/tinyusb/src/device/usbd.c.obj
 *fill*         0x10003c36        0x2 
 .text.configuration_reset
                0x10003c38       0x90 CMakeFiles/psram-test.dir/F_/Dev/tools/pico-sdk-master/lib/tinyusb/src/device/usbd.c.obj
 .text.usbd_reset
                0x10003cc8        0xc CMakeFiles/psram-test.dir/F_/Dev/tools/pico-sdk-master/lib/tinyusb/src/device/usbd.c.obj
 .text.invoke_class_control
                0x10003cd4       0x1a CMakeFiles/psram-test.dir/F_/Dev/tools/pico-sdk-master/lib/tinyusb/src/device/usbd.c.obj
 *fill*         0x10003cee        0x2 
 .text.process_set_config
                0x10003cf0      0x1cc CMakeFiles/psram-test.dir/F_/Dev/tools/pico-sdk-master/lib/tinyusb/src/device/usbd.c.obj
 .text.tud_event_hook_cb
                0x10003ebc        0x2 CMakeFiles/psram-test.dir/F_/Dev/tools/pico-sdk-master/lib/tinyusb/src/device/usbd.c.obj
                0x10003ebc                tud_event_hook_cb
 .text.tud_sof_cb
                0x10003ebe        0x2 CMakeFiles/psram-test.dir/F_/Dev/tools/pico-sdk-master/lib/tinyusb/src/device/usbd.c.obj
                0x10003ebe                tud_sof_cb
 .text.tud_descriptor_device_qualifier_cb
                0x10003ec0        0x4 CMakeFiles/psram-test.dir/F_/Dev/tools/pico-sdk-master/lib/tinyusb/src/device/usbd.c.obj
                0x10003ec0                tud_descriptor_device_qualifier_cb
 .text.tud_descriptor_other_speed_configuration_cb
                0x10003ec4        0x4 CMakeFiles/psram-test.dir/F_/Dev/tools/pico-sdk-master/lib/tinyusb/src/device/usbd.c.obj
                0x10003ec4                tud_descriptor_other_speed_configuration_cb
 .text.process_get_descriptor
                0x10003ec8       0xf8 CMakeFiles/psram-test.dir/F_/Dev/tools/pico-sdk-master/lib/tinyusb/src/device/usbd.c.obj
 .text.tud_mount_cb
                0x10003fc0        0x2 CMakeFiles/psram-test.dir/F_/Dev/tools/pico-sdk-master/lib/tinyusb/src/device/usbd.c.obj
                0x10003fc0                tud_mount_cb
 .text.tud_umount_cb
                0x10003fc2        0x2 CMakeFiles/psram-test.dir/F_/Dev/tools/pico-sdk-master/lib/tinyusb/src/device/usbd.c.obj
                0x10003fc2                tud_umount_cb
 .text.tud_suspend_cb
                0x10003fc4        0x2 CMakeFiles/psram-test.dir/F_/Dev/tools/pico-sdk-master/lib/tinyusb/src/device/usbd.c.obj
                0x10003fc4                tud_suspend_cb
 .text.tud_resume_cb
                0x10003fc6        0x2 CMakeFiles/psram-test.dir/F_/Dev/tools/pico-sdk-master/lib/tinyusb/src/device/usbd.c.obj
                0x10003fc6                tud_resume_cb
 .text.tud_mounted
                0x10003fc8       0x10 CMakeFiles/psram-test.dir/F_/Dev/tools/pico-sdk-master/lib/tinyusb/src/device/usbd.c.obj
                0x10003fc8                tud_mounted
 .text.tud_suspended
                0x10003fd8       0x10 CMakeFiles/psram-test.dir/F_/Dev/tools/pico-sdk-master/lib/tinyusb/src/device/usbd.c.obj
                0x10003fd8                tud_suspended
 .text.tud_inited
                0x10003fe8       0x10 CMakeFiles/psram-test.dir/F_/Dev/tools/pico-sdk-master/lib/tinyusb/src/device/usbd.c.obj
                0x10003fe8                tud_inited
 .text.tud_init
                0x10003ff8       0xe4 CMakeFiles/psram-test.dir/F_/Dev/tools/pico-sdk-master/lib/tinyusb/src/device/usbd.c.obj
                0x10003ff8                tud_init
 .text.usbd_edpt_open
                0x100040dc       0x7c CMakeFiles/psram-test.dir/F_/Dev/tools/pico-sdk-master/lib/tinyusb/src/device/usbd.c.obj
                0x100040dc                usbd_edpt_open
 .text.usbd_open_edpt_pair
                0x10004158       0xa4 CMakeFiles/psram-test.dir/F_/Dev/tools/pico-sdk-master/lib/tinyusb/src/device/usbd.c.obj
                0x10004158                usbd_open_edpt_pair
 .text.usbd_edpt_claim
                0x100041fc       0x28 CMakeFiles/psram-test.dir/F_/Dev/tools/pico-sdk-master/lib/tinyusb/src/device/usbd.c.obj
                0x100041fc                usbd_edpt_claim
 .text.usbd_edpt_release
                0x10004224       0x28 CMakeFiles/psram-test.dir/F_/Dev/tools/pico-sdk-master/lib/tinyusb/src/device/usbd.c.obj
                0x10004224                usbd_edpt_release
 .text.usbd_edpt_xfer
                0x1000424c       0x90 CMakeFiles/psram-test.dir/F_/Dev/tools/pico-sdk-master/lib/tinyusb/src/device/usbd.c.obj
                0x1000424c                usbd_edpt_xfer
 .text.usbd_edpt_stall
                0x100042dc       0x3c CMakeFiles/psram-test.dir/F_/Dev/tools/pico-sdk-master/lib/tinyusb/src/device/usbd.c.obj
                0x100042dc                usbd_edpt_stall
 .text.usbd_edpt_clear_stall
                0x10004318       0x3c CMakeFiles/psram-test.dir/F_/Dev/tools/pico-sdk-master/lib/tinyusb/src/device/usbd.c.obj
                0x10004318                usbd_edpt_clear_stall
 .text.usbd_edpt_stalled
                0x10004354       0x1c CMakeFiles/psram-test.dir/F_/Dev/tools/pico-sdk-master/lib/tinyusb/src/device/usbd.c.obj
                0x10004354                usbd_edpt_stalled
 .text.process_control_request
                0x10004370      0x404 CMakeFiles/psram-test.dir/F_/Dev/tools/pico-sdk-master/lib/tinyusb/src/device/usbd.c.obj
 .text.tud_task_ext
                0x10004774      0x238 CMakeFiles/psram-test.dir/F_/Dev/tools/pico-sdk-master/lib/tinyusb/src/device/usbd.c.obj
                0x10004774                tud_task_ext
 .text._status_stage_xact
                0x100049ac       0x1a CMakeFiles/psram-test.dir/F_/Dev/tools/pico-sdk-master/lib/tinyusb/src/device/usbd_control.c.obj
 *fill*         0x100049c6        0x2 
 .text._data_stage_xact
                0x100049c8       0x5c CMakeFiles/psram-test.dir/F_/Dev/tools/pico-sdk-master/lib/tinyusb/src/device/usbd_control.c.obj
 .text.tud_control_status
                0x10004a24       0x28 CMakeFiles/psram-test.dir/F_/Dev/tools/pico-sdk-master/lib/tinyusb/src/device/usbd_control.c.obj
                0x10004a24                tud_control_status
 .text.tud_control_xfer
                0x10004a4c       0xac CMakeFiles/psram-test.dir/F_/Dev/tools/pico-sdk-master/lib/tinyusb/src/device/usbd_control.c.obj
                0x10004a4c                tud_control_xfer
 .text.usbd_control_reset
                0x10004af8       0x14 CMakeFiles/psram-test.dir/F_/Dev/tools/pico-sdk-master/lib/tinyusb/src/device/usbd_control.c.obj
                0x10004af8                usbd_control_reset
 .text.usbd_control_set_complete_callback
                0x10004b0c        0xc CMakeFiles/psram-test.dir/F_/Dev/tools/pico-sdk-master/lib/tinyusb/src/device/usbd_control.c.obj
                0x10004b0c                usbd_control_set_complete_callback
 .text.usbd_control_set_request
                0x10004b18       0x1c CMakeFiles/psram-test.dir/F_/Dev/tools/pico-sdk-master/lib/tinyusb/src/device/usbd_control.c.obj
                0x10004b18                usbd_control_set_request
 .text.usbd_control_xfer_cb
                0x10004b34      0x10c CMakeFiles/psram-test.dir/F_/Dev/tools/pico-sdk-master/lib/tinyusb/src/device/usbd_control.c.obj
                0x10004b34                usbd_control_xfer_cb
 .text._prep_out_transaction
                0x10004c40       0x6a CMakeFiles/psram-test.dir/F_/Dev/tools/pico-sdk-master/lib/tinyusb/src/class/cdc/cdc_device.c.obj
 *fill*         0x10004caa        0x2 
 .text.tud_cdc_n_connected
                0x10004cac       0x38 CMakeFiles/psram-test.dir/F_/Dev/tools/pico-sdk-master/lib/tinyusb/src/class/cdc/cdc_device.c.obj
                0x10004cac                tud_cdc_n_connected
 .text.tud_cdc_n_available
                0x10004ce4       0x1c CMakeFiles/psram-test.dir/F_/Dev/tools/pico-sdk-master/lib/tinyusb/src/class/cdc/cdc_device.c.obj
                0x10004ce4                tud_cdc_n_available
 .text.tud_cdc_n_read
                0x10004d00       0x38 CMakeFiles/psram-test.dir/F_/Dev/tools/pico-sdk-master/lib/tinyusb/src/class/cdc/cdc_device.c.obj
                0x10004d00                tud_cdc_n_read
 .text.tud_cdc_n_write_flush
                0x10004d38       0xd0 CMakeFiles/psram-test.dir/F_/Dev/tools/pico-sdk-master/lib/tinyusb/src/class/cdc/cdc_device.c.obj
                0x10004d38                tud_cdc_n_write_flush
 .text.tud_cdc_n_write
                0x10004e08       0x48 CMakeFiles/psram-test.dir/F_/Dev/tools/pico-sdk-master/lib/tinyusb/src/class/cdc/cdc_device.c.obj
                0x10004e08                tud_cdc_n_write
 .text.tud_cdc_n_write_available
                0x10004e50       0x1c CMakeFiles/psram-test.dir/F_/Dev/tools/pico-sdk-master/lib/tinyusb/src/class/cdc/cdc_device.c.obj
                0x10004e50                tud_cdc_n_write_available
 .text.cdcd_init
                0x10004e6c       0xb0 CMakeFiles/psram-test.dir/F_/Dev/tools/pico-sdk-master/lib/tinyusb/src/class/cdc/cdc_device.c.obj
                0x10004e6c                cdcd_init
 .text.cdcd_deinit
                0x10004f1c       0x48 CMakeFiles/psram-test.dir/F_/Dev/tools/pico-sdk-master/lib/tinyusb/src/class/cdc/cdc_device.c.obj
                0x10004f1c                cdcd_deinit
 .text.cdcd_reset
                0x10004f64       0x80 CMakeFiles/psram-test.dir/F_/Dev/tools/pico-sdk-master/lib/tinyusb/src/class/cdc/cdc_device.c.obj
                0x10004f64                cdcd_reset
 .text.cdcd_open
                0x10004fe4      0x11c CMakeFiles/psram-test.dir/F_/Dev/tools/pico-sdk-master/lib/tinyusb/src/class/cdc/cdc_device.c.obj
                0x10004fe4                cdcd_open
 .text.cdcd_control_xfer_cb
                0x10005100      0x118 CMakeFiles/psram-test.dir/F_/Dev/tools/pico-sdk-master/lib/tinyusb/src/class/cdc/cdc_device.c.obj
                0x10005100                cdcd_control_xfer_cb
 .text.cdcd_xfer_cb
                0x10005218      0x138 CMakeFiles/psram-test.dir/F_/Dev/tools/pico-sdk-master/lib/tinyusb/src/class/cdc/cdc_device.c.obj
                0x10005218                cdcd_xfer_cb
 .text.tud_vendor_n_mounted
                0x10005350       0x34 CMakeFiles/psram-test.dir/F_/Dev/tools/pico-sdk-master/lib/tinyusb/src/class/vendor/vendor_device.c.obj
                0x10005350                tud_vendor_n_mounted
 .text.tud_vendor_n_write_flush
                0x10005384       0x24 CMakeFiles/psram-test.dir/F_/Dev/tools/pico-sdk-master/lib/tinyusb/src/class/vendor/vendor_device.c.obj
                0x10005384                tud_vendor_n_write_flush
 .text.vendord_init
                0x100053a8       0x8c CMakeFiles/psram-test.dir/F_/Dev/tools/pico-sdk-master/lib/tinyusb/src/class/vendor/vendor_device.c.obj
                0x100053a8                vendord_init
 .text.vendord_deinit
                0x10005434       0x34 CMakeFiles/psram-test.dir/F_/Dev/tools/pico-sdk-master/lib/tinyusb/src/class/vendor/vendor_device.c.obj
                0x10005434                vendord_deinit
 .text.vendord_reset
                0x10005468       0x38 CMakeFiles/psram-test.dir/F_/Dev/tools/pico-sdk-master/lib/tinyusb/src/class/vendor/vendor_device.c.obj
                0x10005468                vendord_reset
 .text.vendord_open
                0x100054a0      0x144 CMakeFiles/psram-test.dir/F_/Dev/tools/pico-sdk-master/lib/tinyusb/src/class/vendor/vendor_device.c.obj
                0x100054a0                vendord_open
 .text.vendord_xfer_cb
                0x100055e4       0xa4 CMakeFiles/psram-test.dir/F_/Dev/tools/pico-sdk-master/lib/tinyusb/src/class/vendor/vendor_device.c.obj
                0x100055e4                vendord_xfer_cb
 .text.tusb_init
                0x10005688       0x34 CMakeFiles/psram-test.dir/F_/Dev/tools/pico-sdk-master/lib/tinyusb/src/tusb.c.obj
                0x10005688                tusb_init
 .text.tu_edpt_claim
                0x100056bc       0x50 CMakeFiles/psram-test.dir/F_/Dev/tools/pico-sdk-master/lib/tinyusb/src/tusb.c.obj
                0x100056bc                tu_edpt_claim
 .text.tu_edpt_release
                0x1000570c       0x3c CMakeFiles/psram-test.dir/F_/Dev/tools/pico-sdk-master/lib/tinyusb/src/tusb.c.obj
                0x1000570c                tu_edpt_release
 .text.tu_edpt_validate
                0x10005748       0xe0 CMakeFiles/psram-test.dir/F_/Dev/tools/pico-sdk-master/lib/tinyusb/src/tusb.c.obj
                0x10005748                tu_edpt_validate
 .text.tu_edpt_bind_driver
                0x10005828       0x4a CMakeFiles/psram-test.dir/F_/Dev/tools/pico-sdk-master/lib/tinyusb/src/tusb.c.obj
                0x10005828                tu_edpt_bind_driver
 .text.tu_edpt_stream_init
                0x10005872       0x54 CMakeFiles/psram-test.dir/F_/Dev/tools/pico-sdk-master/lib/tinyusb/src/tusb.c.obj
                0x10005872                tu_edpt_stream_init
 .text.tu_edpt_stream_deinit
                0x100058c6        0x4 CMakeFiles/psram-test.dir/F_/Dev/tools/pico-sdk-master/lib/tinyusb/src/tusb.c.obj
                0x100058c6                tu_edpt_stream_deinit
 *fill*         0x100058ca        0x2 
 .text.tu_edpt_stream_write_zlp_if_needed
                0x100058cc       0x90 CMakeFiles/psram-test.dir/F_/Dev/tools/pico-sdk-master/lib/tinyusb/src/tusb.c.obj
                0x100058cc                tu_edpt_stream_write_zlp_if_needed
 .text.tu_edpt_stream_write_xfer
                0x1000595c       0x98 CMakeFiles/psram-test.dir/F_/Dev/tools/pico-sdk-master/lib/tinyusb/src/tusb.c.obj
                0x1000595c                tu_edpt_stream_write_xfer
 .text.tu_edpt_stream_read_xfer
                0x100059f4      0x118 CMakeFiles/psram-test.dir/F_/Dev/tools/pico-sdk-master/lib/tinyusb/src/tusb.c.obj
                0x100059f4                tu_edpt_stream_read_xfer
 .text.advance_index
                0x10005b0c       0x1a CMakeFiles/psram-test.dir/F_/Dev/tools/pico-sdk-master/lib/tinyusb/src/common/tusb_fifo.c.obj
 .text._tu_fifo_peek
                0x10005b26       0x62 CMakeFiles/psram-test.dir/F_/Dev/tools/pico-sdk-master/lib/tinyusb/src/common/tusb_fifo.c.obj
 .text._ff_pull_n
                0x10005b88       0x68 CMakeFiles/psram-test.dir/F_/Dev/tools/pico-sdk-master/lib/tinyusb/src/common/tusb_fifo.c.obj
 .text._tu_fifo_peek_n
                0x10005bf0       0x6a CMakeFiles/psram-test.dir/F_/Dev/tools/pico-sdk-master/lib/tinyusb/src/common/tusb_fifo.c.obj
 .text._tu_fifo_read_n
                0x10005c5a       0x4c CMakeFiles/psram-test.dir/F_/Dev/tools/pico-sdk-master/lib/tinyusb/src/common/tusb_fifo.c.obj
 .text._ff_push_n
                0x10005ca6       0x66 CMakeFiles/psram-test.dir/F_/Dev/tools/pico-sdk-master/lib/tinyusb/src/common/tusb_fifo.c.obj
 .text._tu_fifo_write_n
                0x10005d0c       0xe2 CMakeFiles/psram-test.dir/F_/Dev/tools/pico-sdk-master/lib/tinyusb/src/common/tusb_fifo.c.obj
 .text.tu_fifo_config
                0x10005dee       0x62 CMakeFiles/psram-test.dir/F_/Dev/tools/pico-sdk-master/lib/tinyusb/src/common/tusb_fifo.c.obj
                0x10005dee                tu_fifo_config
 .text.tu_fifo_count
                0x10005e50       0x28 CMakeFiles/psram-test.dir/F_/Dev/tools/pico-sdk-master/lib/tinyusb/src/common/tusb_fifo.c.obj
                0x10005e50                tu_fifo_count
 .text.tu_fifo_empty
                0x10005e78       0x12 CMakeFiles/psram-test.dir/F_/Dev/tools/pico-sdk-master/lib/tinyusb/src/common/tusb_fifo.c.obj
                0x10005e78                tu_fifo_empty
 .text.tu_fifo_full
                0x10005e8a       0x28 CMakeFiles/psram-test.dir/F_/Dev/tools/pico-sdk-master/lib/tinyusb/src/common/tusb_fifo.c.obj
                0x10005e8a                tu_fifo_full
 .text.tu_fifo_remaining
                0x10005eb2       0x2c CMakeFiles/psram-test.dir/F_/Dev/tools/pico-sdk-master/lib/tinyusb/src/common/tusb_fifo.c.obj
                0x10005eb2                tu_fifo_remaining
 .text.tu_fifo_read
                0x10005ede       0x3e CMakeFiles/psram-test.dir/F_/Dev/tools/pico-sdk-master/lib/tinyusb/src/common/tusb_fifo.c.obj
                0x10005ede                tu_fifo_read
 .text.tu_fifo_read_n
                0x10005f1c        0xa CMakeFiles/psram-test.dir/F_/Dev/tools/pico-sdk-master/lib/tinyusb/src/common/tusb_fifo.c.obj
                0x10005f1c                tu_fifo_read_n
 .text.tu_fifo_write
                0x10005f26       0x5e CMakeFiles/psram-test.dir/F_/Dev/tools/pico-sdk-master/lib/tinyusb/src/common/tusb_fifo.c.obj
                0x10005f26                tu_fifo_write
 .text.tu_fifo_write_n
                0x10005f84        0xa CMakeFiles/psram-test.dir/F_/Dev/tools/pico-sdk-master/lib/tinyusb/src/common/tusb_fifo.c.obj
                0x10005f84                tu_fifo_write_n
 .text.tu_fifo_clear
                0x10005f8e       0x36 CMakeFiles/psram-test.dir/F_/Dev/tools/pico-sdk-master/lib/tinyusb/src/common/tusb_fifo.c.obj
                0x10005f8e                tu_fifo_clear
 .text.tu_fifo_set_overwritable
                0x10005fc4       0x3a CMakeFiles/psram-test.dir/F_/Dev/tools/pico-sdk-master/lib/tinyusb/src/common/tusb_fifo.c.obj
                0x10005fc4                tu_fifo_set_overwritable
 *fill*         0x10005ffe        0x2 
 .text.memset   0x10006000       0xa4 C:/PROGRA~2/ARMGNU~1/13C7F1~1.2R~/bin/../lib/gcc/arm-none-eabi/13.2.1/thumb/v8-m.main+fp/softfp\libg.a(libc_a-memset.o)
                0x10006000                memset
 .text          0x100060a4       0xec C:/PROGRA~2/ARMGNU~1/13C7F1~1.2R~/bin/../lib/gcc/arm-none-eabi/13.2.1/thumb/v8-m.main+fp/softfp\libg.a(libc_a-memcpy.o)
                0x100060a4                memcpy
 .text.strlen   0x10006190       0x5c C:/PROGRA~2/ARMGNU~1/13C7F1~1.2R~/bin/../lib/gcc/arm-none-eabi/13.2.1/thumb/v8-m.main+fp/softfp\libg.a(libc_a-strlen-stub.o)
                0x10006190                strlen
 *(.fini)
 .fini          0x100061ec        0x4 C:/PROGRA~2/ARMGNU~1/13C7F1~1.2R~/bin/../lib/gcc/arm-none-eabi/13.2.1/thumb/v8-m.main+fp/softfp/crti.o
                0x100061ec                _fini
 .fini.__stub   0x100061f0       0x70 linker stubs
 *crtbegin.o(.ctors)
 *crtbegin?.o(.ctors)
 *(EXCLUDE_FILE(*crtend.o *crtend?.o) .ctors)
 *(SORT_BY_NAME(.ctors.*))
 *(.ctors)
 *crtbegin.o(.dtors)
 *crtbegin?.o(.dtors)
 *(EXCLUDE_FILE(*crtend.o *crtend?.o) .dtors)
 *(SORT_BY_NAME(.dtors.*))
 *(.dtors)
                0x10006260                        . = ALIGN (0x4)
                0x10006260                        PROVIDE (__preinit_array_start = .)
 *(SORT_BY_NAME(.preinit_array.*))
 .preinit_array.00050
                0x10006260        0x4 CMakeFiles/psram-test.dir/F_/Dev/tools/pico-sdk-master/src/rp2_common/pico_runtime_init/runtime_init.c.obj
                0x10006260                __pre_init_runtime_init_bootrom_reset
 .preinit_array.00100
                0x10006264        0x4 CMakeFiles/psram-test.dir/F_/Dev/tools/pico-sdk-master/src/rp2_common/pico_runtime_init/runtime_init.c.obj
                0x10006264                __pre_init_runtime_init_early_resets
 .preinit_array.00101
                0x10006268        0x4 CMakeFiles/psram-test.dir/F_/Dev/tools/pico-sdk-master/src/rp2_common/pico_runtime_init/runtime_init.c.obj
                0x10006268                __pre_init_runtime_init_usb_power_down
 .preinit_array.00500
                0x1000626c        0x4 CMakeFiles/psram-test.dir/F_/Dev/tools/pico-sdk-master/src/rp2_common/pico_runtime_init/runtime_init.c.obj
                0x1000626c                __pre_init_runtime_init_clocks
 .preinit_array.00600
                0x10006270        0x4 CMakeFiles/psram-test.dir/F_/Dev/tools/pico-sdk-master/src/rp2_common/pico_runtime_init/runtime_init.c.obj
                0x10006270                __pre_init_runtime_init_post_clock_resets
 .preinit_array.01000
                0x10006274        0x4 CMakeFiles/psram-test.dir/F_/Dev/tools/pico-sdk-master/src/rp2_common/hardware_boot_lock/boot_lock.c.obj
                0x10006274                __pre_init_runtime_init_boot_locks_reset
 .preinit_array.01000
                0x10006278        0x4 CMakeFiles/psram-test.dir/F_/Dev/tools/pico-sdk-master/src/rp2_common/pico_runtime_init/runtime_init.c.obj
                0x10006278                __pre_init_runtime_init_spin_locks_reset
 .preinit_array.01010
                0x1000627c        0x4 CMakeFiles/psram-test.dir/F_/Dev/tools/pico-sdk-master/src/rp2_common/pico_bootrom/bootrom_lock.c.obj
                0x1000627c                __pre_init_runtime_init_bootrom_locking_enable
 .preinit_array.01100
                0x10006280        0x4 CMakeFiles/psram-test.dir/F_/Dev/tools/pico-sdk-master/src/common/pico_sync/mutex.c.obj
                0x10006280                __pre_init_runtime_init_mutex
 .preinit_array.10080
                0x10006284        0x4 CMakeFiles/psram-test.dir/F_/Dev/tools/pico-sdk-master/src/rp2_common/pico_runtime_init/runtime_init.c.obj
                0x10006284                __pre_init_runtime_init_install_ram_vector_table
 .preinit_array.11000
                0x10006288        0x4 CMakeFiles/psram-test.dir/F_/Dev/tools/pico-sdk-master/src/common/pico_time/time.c.obj
                0x10006288                __pre_init_runtime_init_default_alarm_pool
 .preinit_array.YYYYY
                0x1000628c        0x4 CMakeFiles/psram-test.dir/F_/Dev/tools/pico-sdk-master/src/rp2_common/pico_runtime/runtime.c.obj
                0x1000628c                __pre_init_first_per_core_initializer
 .preinit_array.ZZZZZ.00051
                0x10006290        0x4 CMakeFiles/psram-test.dir/F_/Dev/tools/pico-sdk-master/src/rp2_common/pico_runtime_init/runtime_init.c.obj
                0x10006290                __pre_init_runtime_init_per_core_bootrom_reset
 .preinit_array.ZZZZZ.00200
                0x10006294        0x4 CMakeFiles/psram-test.dir/F_/Dev/tools/pico-sdk-master/src/rp2_common/pico_runtime_init/runtime_init.c.obj
                0x10006294                __pre_init_runtime_init_per_core_enable_coprocessors
 .preinit_array.ZZZZZ.01000
                0x10006298        0x4 CMakeFiles/psram-test.dir/F_/Dev/tools/pico-sdk-master/src/rp2_common/hardware_sync_spin_lock/sync_spin_lock.c.obj
                0x10006298                __pre_init_spinlock_set_extexclall
 .preinit_array.ZZZZZ.01200
                0x1000629c        0x4 CMakeFiles/psram-test.dir/F_/Dev/tools/pico-sdk-master/src/rp2_common/hardware_irq/irq.c.obj
                0x1000629c                __pre_init_runtime_init_per_core_irq_priorities
 *(.preinit_array)
                0x100062a0                        PROVIDE (__preinit_array_end = .)
                0x100062a0                        . = ALIGN (0x4)
                0x100062a0                        PROVIDE (__init_array_start = .)
 *(SORT_BY_NAME(.init_array.*))
 *(.init_array)
 .init_array    0x100062a0        0x4 C:/PROGRA~2/ARMGNU~1/13C7F1~1.2R~/bin/../lib/gcc/arm-none-eabi/13.2.1/thumb/v8-m.main+fp/softfp/crtbegin.o
 .init_array    0x100062a4        0x4 CMakeFiles/psram-test.dir/F_/Dev/tools/pico-sdk-master/src/rp2_common/pico_unique_id/unique_id.c.obj
                0x100062a8                        PROVIDE (__init_array_end = .)
                0x100062a8                        . = ALIGN (0x4)
                [!provide]                        PROVIDE (__fini_array_start = .)
 *(SORT_BY_NAME(.fini_array.*))
 *(.fini_array)
                [!provide]                        PROVIDE (__fini_array_end = .)
 *(.eh_frame*)
 .eh_frame      0x100062a8        0x0 C:/PROGRA~2/ARMGNU~1/13C7F1~1.2R~/bin/../lib/gcc/arm-none-eabi/13.2.1/thumb/v8-m.main+fp/softfp/crtbegin.o
                0x100062a8                        . = ALIGN (0x4)

.glue_7         0x100062a8        0x0
 .glue_7        0x100062a8        0x0 linker stubs

.glue_7t        0x100062a8        0x0
 .glue_7t       0x100062a8        0x0 linker stubs

.vfp11_veneer   0x100062a8        0x0
 .vfp11_veneer  0x100062a8        0x0 linker stubs

.v4_bx          0x100062a8        0x0
 .v4_bx         0x100062a8        0x0 linker stubs

.iplt           0x100062a8        0x0
 .iplt          0x100062a8        0x0 C:/PROGRA~2/ARMGNU~1/13C7F1~1.2R~/bin/../lib/gcc/arm-none-eabi/13.2.1/thumb/v8-m.main+fp/softfp/crtbegin.o

.boot2          0x100062a8        0x0
                0x100062a8                        __boot2_start__ = .
 *(.boot2)
                0x100062a8                        __boot2_end__ = .
                0x00000001                        ASSERT (((__boot2_end__ - __boot2_start__) <= 0x100), ERROR: Pico second stage bootloader must be no more than 256 bytes in size)

.rodata         0x100062a8      0xf38
 *(EXCLUDE_FILE(*libm.a: *libc.a:*lib_a-mem*.o *libgcc.a:) .rodata*)
 .rodata.set_sys_clock_khz.str1.4
                0x100062a8      0x97f CMakeFiles/psram-test.dir/psram_test.c.obj
                                 0x32 (size before relaxing)
 .rodata.main.str1.4
                0x10006c27       0xbc CMakeFiles/psram-test.dir/psram_test.c.obj
 .rodata.str1.4
                0x10006c27       0x19 CMakeFiles/psram-test.dir/psram_test.c.obj
 *fill*         0x10006c27        0x1 
 .rodata.__bi_31.0
                0x10006c28        0xc CMakeFiles/psram-test.dir/psram_test.c.obj
 .rodata.__bi_32.1
                0x10006c34        0xc CMakeFiles/psram-test.dir/psram_test.c.obj
 .rodata.str1.4
                0x10006c40       0x10 CMakeFiles/psram-test.dir/rp2_psram.c.obj
 .rodata.panic.str1.4
                0x10006c40       0x12 CMakeFiles/psram-test.dir/F_/Dev/tools/pico-sdk-master/src/rp2_common/pico_platform_panic/panic.c.obj
 .rodata.spin_lock_claim_unused.str1.4
                0x10006c40       0x1b CMakeFiles/psram-test.dir/F_/Dev/tools/pico-sdk-master/src/rp2_common/hardware_sync/sync.c.obj
 .rodata.resolve_j_16.str1.4
                0x10006c40       0x57 CMakeFiles/psram-test.dir/F_/Dev/tools/pico-sdk-master/src/rp2_common/hardware_irq/irq.c.obj
 .rodata.make_j_16.str1.4
                0x10006c40       0x30 CMakeFiles/psram-test.dir/F_/Dev/tools/pico-sdk-master/src/rp2_common/hardware_irq/irq.c.obj
 .rodata.irq_set_exclusive_handler.str1.4
                0x10006c40       0x36 CMakeFiles/psram-test.dir/F_/Dev/tools/pico-sdk-master/src/rp2_common/hardware_irq/irq.c.obj
 .rodata.irq_add_shared_handler.str1.4
                0x10006c40       0xd2 CMakeFiles/psram-test.dir/F_/Dev/tools/pico-sdk-master/src/rp2_common/hardware_irq/irq.c.obj
 .rodata.irq_add_tail_to_free_list.str1.4
                0x10006c40       0x3a CMakeFiles/psram-test.dir/F_/Dev/tools/pico-sdk-master/src/rp2_common/hardware_irq/irq.c.obj
 .rodata.user_irq_claim_unused.str1.4
                0x10006c40       0x1b CMakeFiles/psram-test.dir/F_/Dev/tools/pico-sdk-master/src/rp2_common/hardware_irq/irq.c.obj
 .rodata.__func__.0
                0x10006c40       0x1a CMakeFiles/psram-test.dir/F_/Dev/tools/pico-sdk-master/src/rp2_common/hardware_irq/irq.c.obj
 *fill*         0x10006c5a        0x2 
 .rodata.__func__.3
                0x10006c5c        0xa CMakeFiles/psram-test.dir/F_/Dev/tools/pico-sdk-master/src/rp2_common/hardware_irq/irq.c.obj
 *fill*         0x10006c66        0x2 
 .rodata.__func__.4
                0x10006c68        0xd CMakeFiles/psram-test.dir/F_/Dev/tools/pico-sdk-master/src/rp2_common/hardware_irq/irq.c.obj
 *fill*         0x10006c75        0x3 
 .rodata.__func__.5
                0x10006c78       0x17 CMakeFiles/psram-test.dir/F_/Dev/tools/pico-sdk-master/src/rp2_common/hardware_irq/irq.c.obj
 *fill*         0x10006c8f        0x1 
 .rodata.__func__.6
                0x10006c90       0x1a CMakeFiles/psram-test.dir/F_/Dev/tools/pico-sdk-master/src/rp2_common/hardware_irq/irq.c.obj
 .rodata.runtime_init_mutex.str1.4
                0x10006caa       0x5a CMakeFiles/psram-test.dir/F_/Dev/tools/pico-sdk-master/src/common/pico_sync/mutex.c.obj
 .rodata.str1.4
                0x10006caa       0x51 CMakeFiles/psram-test.dir/F_/Dev/tools/pico-sdk-master/src/common/pico_sync/mutex.c.obj
 *fill*         0x10006caa        0x2 
 .rodata.__func__.1
                0x10006cac        0xb CMakeFiles/psram-test.dir/F_/Dev/tools/pico-sdk-master/src/common/pico_sync/mutex.c.obj
 *fill*         0x10006cb7        0x1 
 .rodata.__func__.3
                0x10006cb8       0x18 CMakeFiles/psram-test.dir/F_/Dev/tools/pico-sdk-master/src/common/pico_sync/mutex.c.obj
 .rodata.__func__.6
                0x10006cd0       0x13 CMakeFiles/psram-test.dir/F_/Dev/tools/pico-sdk-master/src/common/pico_sync/mutex.c.obj
 .rodata.alarm_pool_irq_handler.str1.4
                0x10006ce3       0x65 CMakeFiles/psram-test.dir/F_/Dev/tools/pico-sdk-master/src/common/pico_time/time.c.obj
 .rodata.alarm_pool_get_default.str1.4
                0x10006ce3       0x21 CMakeFiles/psram-test.dir/F_/Dev/tools/pico-sdk-master/src/common/pico_time/time.c.obj
 .rodata.sleep_until.str1.4
                0x10006ce3       0x4d CMakeFiles/psram-test.dir/F_/Dev/tools/pico-sdk-master/src/common/pico_time/time.c.obj
 *fill*         0x10006ce3        0x1 
 .rodata.__func__.1
                0x10006ce4       0x17 CMakeFiles/psram-test.dir/F_/Dev/tools/pico-sdk-master/src/common/pico_time/time.c.obj
 *fill*         0x10006cfb        0x1 
 .rodata.__func__.2
                0x10006cfc       0x17 CMakeFiles/psram-test.dir/F_/Dev/tools/pico-sdk-master/src/common/pico_time/time.c.obj
 .rodata.timer_hardware_alarm_claim.str1.4
                0x10006d13       0x22 CMakeFiles/psram-test.dir/F_/Dev/tools/pico-sdk-master/src/rp2_common/hardware_timer/timer.c.obj
 .rodata.pll_init.str1.4
                0x10006d13      0x114 CMakeFiles/psram-test.dir/F_/Dev/tools/pico-sdk-master/src/rp2_common/hardware_pll/pll.c.obj
 *fill*         0x10006d13        0x1 
 .rodata.__func__.0
                0x10006d14        0x9 CMakeFiles/psram-test.dir/F_/Dev/tools/pico-sdk-master/src/rp2_common/hardware_pll/pll.c.obj
 .rodata.str1.4
                0x10006d1d       0x40 CMakeFiles/psram-test.dir/F_/Dev/tools/pico-sdk-master/src/rp2_common/pico_standard_binary_info/standard_binary_info.c.obj
 *fill*         0x10006d1d        0x3 
 .rodata.__bi_84
                0x10006d20        0xc CMakeFiles/psram-test.dir/F_/Dev/tools/pico-sdk-master/src/rp2_common/pico_standard_binary_info/standard_binary_info.c.obj
 .rodata.__bi_78
                0x10006d2c        0xc CMakeFiles/psram-test.dir/F_/Dev/tools/pico-sdk-master/src/rp2_common/pico_standard_binary_info/standard_binary_info.c.obj
 .rodata.__bi_54
                0x10006d38        0xc CMakeFiles/psram-test.dir/F_/Dev/tools/pico-sdk-master/src/rp2_common/pico_standard_binary_info/standard_binary_info.c.obj
 .rodata.__bi_48
                0x10006d44        0xc CMakeFiles/psram-test.dir/F_/Dev/tools/pico-sdk-master/src/rp2_common/pico_standard_binary_info/standard_binary_info.c.obj
 .rodata.__bi_42
                0x10006d50        0xc CMakeFiles/psram-test.dir/F_/Dev/tools/pico-sdk-master/src/rp2_common/pico_standard_binary_info/standard_binary_info.c.obj
 .rodata.__bi_34
                0x10006d5c        0xc CMakeFiles/psram-test.dir/F_/Dev/tools/pico-sdk-master/src/rp2_common/pico_standard_binary_info/standard_binary_info.c.obj
 .rodata.__bi_26
                0x10006d68        0xc CMakeFiles/psram-test.dir/F_/Dev/tools/pico-sdk-master/src/rp2_common/pico_standard_binary_info/standard_binary_info.c.obj
 .rodata._ftoa.str1.4
                0x10006d74       0x15 CMakeFiles/psram-test.dir/F_/Dev/tools/pico-sdk-master/src/rp2_common/pico_printf/printf.c.obj
 *fill*         0x10006d74        0x4 
 .rodata.pow10.0
                0x10006d78       0x50 CMakeFiles/psram-test.dir/F_/Dev/tools/pico-sdk-master/src/rp2_common/pico_printf/printf.c.obj
 .rodata.__assert_func.str1.4
                0x10006dc8       0x43 CMakeFiles/psram-test.dir/F_/Dev/tools/pico-sdk-master/src/rp2_common/pico_clib_interface/newlib_interface.c.obj
 .rodata.crlf_str.0
                0x10006dc8        0x2 CMakeFiles/psram-test.dir/F_/Dev/tools/pico-sdk-master/src/rp2_common/pico_stdio/stdio.c.obj
 *fill*         0x10006dca        0x2 
 .rodata._resetd_driver
                0x10006dcc       0x20 CMakeFiles/psram-test.dir/F_/Dev/tools/pico-sdk-master/src/rp2_common/pico_stdio_usb/reset_interface.c.obj
 .rodata.desc_ms_os_20
                0x10006dec       0xa6 CMakeFiles/psram-test.dir/F_/Dev/tools/pico-sdk-master/src/rp2_common/pico_stdio_usb/reset_interface.c.obj
 *fill*         0x10006e92        0x2 
 .rodata.desc_bos
                0x10006e94       0x21 CMakeFiles/psram-test.dir/F_/Dev/tools/pico-sdk-master/src/rp2_common/pico_stdio_usb/reset_interface.c.obj
                0x10006e94                desc_bos
 .rodata.stdio_usb_init.str1.4
                0x10006eb5       0x4f CMakeFiles/psram-test.dir/F_/Dev/tools/pico-sdk-master/src/rp2_common/pico_stdio_usb/stdio_usb.c.obj
 .rodata.str1.4
                0x10006eb5       0x13 CMakeFiles/psram-test.dir/F_/Dev/tools/pico-sdk-master/src/rp2_common/pico_stdio_usb/stdio_usb.c.obj
 *fill*         0x10006eb5        0x3 
 .rodata.__bi_197.1
                0x10006eb8        0xc CMakeFiles/psram-test.dir/F_/Dev/tools/pico-sdk-master/src/rp2_common/pico_stdio_usb/stdio_usb.c.obj
 .rodata.__func__.2
                0x10006ec4        0xf CMakeFiles/psram-test.dir/F_/Dev/tools/pico-sdk-master/src/rp2_common/pico_stdio_usb/stdio_usb.c.obj
 .rodata.str1.4
                0x10006ed3       0x2a CMakeFiles/psram-test.dir/F_/Dev/tools/pico-sdk-master/src/rp2_common/pico_stdio_usb/stdio_usb_descriptors.c.obj
 *fill*         0x10006ed3        0x1 
 .rodata.usbd_desc_str
                0x10006ed4       0x18 CMakeFiles/psram-test.dir/F_/Dev/tools/pico-sdk-master/src/rp2_common/pico_stdio_usb/stdio_usb_descriptors.c.obj
 .rodata.usbd_desc_cfg
                0x10006eec       0x54 CMakeFiles/psram-test.dir/F_/Dev/tools/pico-sdk-master/src/rp2_common/pico_stdio_usb/stdio_usb_descriptors.c.obj
 .rodata.usbd_desc_device
                0x10006f40       0x12 CMakeFiles/psram-test.dir/F_/Dev/tools/pico-sdk-master/src/rp2_common/pico_stdio_usb/stdio_usb_descriptors.c.obj
 .rodata._retrieve_unique_id_on_boot.str1.4
                0x10006f52       0x4f CMakeFiles/psram-test.dir/F_/Dev/tools/pico-sdk-master/src/rp2_common/pico_unique_id/unique_id.c.obj
 .rodata.pico_get_unique_board_id_string.str1.4
                0x10006f52        0x8 CMakeFiles/psram-test.dir/F_/Dev/tools/pico-sdk-master/src/rp2_common/pico_unique_id/unique_id.c.obj
 *fill*         0x10006f52        0x2 
 .rodata.__func__.0
                0x10006f54       0x20 CMakeFiles/psram-test.dir/F_/Dev/tools/pico-sdk-master/src/rp2_common/pico_unique_id/unique_id.c.obj
 .rodata.__func__.1
                0x10006f74       0x1c CMakeFiles/psram-test.dir/F_/Dev/tools/pico-sdk-master/src/rp2_common/pico_unique_id/unique_id.c.obj
 .rodata._hw_endpoint_alloc.str1.4
                0x10006f90       0xb9 CMakeFiles/psram-test.dir/F_/Dev/tools/pico-sdk-master/lib/tinyusb/src/portable/raspberrypi/rp2040/dcd_rp2040.c.obj
 .rodata.str1.4
                0x10006f90       0x14 CMakeFiles/psram-test.dir/F_/Dev/tools/pico-sdk-master/lib/tinyusb/src/portable/raspberrypi/rp2040/dcd_rp2040.c.obj
 .rodata.dcd_int_enable.str1.4
                0x10006f90        0xc CMakeFiles/psram-test.dir/F_/Dev/tools/pico-sdk-master/lib/tinyusb/src/portable/raspberrypi/rp2040/dcd_rp2040.c.obj
 .rodata.__func__.0
                0x10006f90        0xe CMakeFiles/psram-test.dir/F_/Dev/tools/pico-sdk-master/lib/tinyusb/src/portable/raspberrypi/rp2040/dcd_rp2040.c.obj
 *fill*         0x10006f9e        0x2 
 .rodata.__func__.1
                0x10006fa0        0xe CMakeFiles/psram-test.dir/F_/Dev/tools/pico-sdk-master/lib/tinyusb/src/portable/raspberrypi/rp2040/dcd_rp2040.c.obj
 *fill*         0x10006fae        0x2 
 .rodata.__func__.3
                0x10006fb0       0x10 CMakeFiles/psram-test.dir/F_/Dev/tools/pico-sdk-master/lib/tinyusb/src/portable/raspberrypi/rp2040/dcd_rp2040.c.obj
 .rodata.__func__.5
                0x10006fc0        0xf CMakeFiles/psram-test.dir/F_/Dev/tools/pico-sdk-master/lib/tinyusb/src/portable/raspberrypi/rp2040/dcd_rp2040.c.obj
 *fill*         0x10006fcf        0x1 
 .rodata.__func__.6
                0x10006fd0       0x13 CMakeFiles/psram-test.dir/F_/Dev/tools/pico-sdk-master/lib/tinyusb/src/portable/raspberrypi/rp2040/dcd_rp2040.c.obj
 *fill*         0x10006fe3        0x1 
 .rodata.__func__.7
                0x10006fe4        0x9 CMakeFiles/psram-test.dir/F_/Dev/tools/pico-sdk-master/lib/tinyusb/src/portable/raspberrypi/rp2040/dcd_rp2040.c.obj
 .rodata.str1.4
                0x10006fed       0xe0 CMakeFiles/psram-test.dir/F_/Dev/tools/pico-sdk-master/lib/tinyusb/src/portable/raspberrypi/rp2040/rp2040_usb.c.obj
 .rodata.hw_endpoint_xfer_start.str1.4
                0x10006fed       0x38 CMakeFiles/psram-test.dir/F_/Dev/tools/pico-sdk-master/lib/tinyusb/src/portable/raspberrypi/rp2040/rp2040_usb.c.obj
 *fill*         0x10006fed        0x3 
 .rodata.__func__.0
                0x10006ff0        0xf CMakeFiles/psram-test.dir/F_/Dev/tools/pico-sdk-master/lib/tinyusb/src/portable/raspberrypi/rp2040/rp2040_usb.c.obj
 .rodata.configuration_reset.str1.4
                0x10006fff       0x17 CMakeFiles/psram-test.dir/F_/Dev/tools/pico-sdk-master/lib/tinyusb/src/device/usbd.c.obj
 *fill*         0x10006fff        0x1 
 .rodata.__func__.1
                0x10007000        0xf CMakeFiles/psram-test.dir/F_/Dev/tools/pico-sdk-master/lib/tinyusb/src/device/usbd.c.obj
 *fill*         0x1000700f        0x1 
 .rodata.__func__.2
                0x10007010        0xf CMakeFiles/psram-test.dir/F_/Dev/tools/pico-sdk-master/lib/tinyusb/src/device/usbd.c.obj
 *fill*         0x1000701f        0x1 
 .rodata.__func__.3
                0x10007020       0x14 CMakeFiles/psram-test.dir/F_/Dev/tools/pico-sdk-master/lib/tinyusb/src/device/usbd.c.obj
 .rodata.__func__.4
                0x10007034        0xc CMakeFiles/psram-test.dir/F_/Dev/tools/pico-sdk-master/lib/tinyusb/src/device/usbd.c.obj
 .rodata.__func__.5
                0x10007040       0x17 CMakeFiles/psram-test.dir/F_/Dev/tools/pico-sdk-master/lib/tinyusb/src/device/usbd.c.obj
 *fill*         0x10007057        0x1 
 .rodata.__func__.6
                0x10007058       0x13 CMakeFiles/psram-test.dir/F_/Dev/tools/pico-sdk-master/lib/tinyusb/src/device/usbd.c.obj
 *fill*         0x1000706b        0x1 
 .rodata.__func__.7
                0x1000706c       0x18 CMakeFiles/psram-test.dir/F_/Dev/tools/pico-sdk-master/lib/tinyusb/src/device/usbd.c.obj
 .rodata.__func__.8
                0x10007084       0x14 CMakeFiles/psram-test.dir/F_/Dev/tools/pico-sdk-master/lib/tinyusb/src/device/usbd.c.obj
 .rodata.__func__.9
                0x10007098        0xd CMakeFiles/psram-test.dir/F_/Dev/tools/pico-sdk-master/lib/tinyusb/src/device/usbd.c.obj
 *fill*         0x100070a5        0x3 
 .rodata.__func__.10
                0x100070a8        0x9 CMakeFiles/psram-test.dir/F_/Dev/tools/pico-sdk-master/lib/tinyusb/src/device/usbd.c.obj
 *fill*         0x100070b1        0x3 
 .rodata._usbd_driver
                0x100070b4       0x40 CMakeFiles/psram-test.dir/F_/Dev/tools/pico-sdk-master/lib/tinyusb/src/device/usbd.c.obj
 .rodata.tud_control_xfer.str1.4
                0x100070f4       0x17 CMakeFiles/psram-test.dir/F_/Dev/tools/pico-sdk-master/lib/tinyusb/src/device/usbd_control.c.obj
 .rodata.__func__.0
                0x100070f4       0x15 CMakeFiles/psram-test.dir/F_/Dev/tools/pico-sdk-master/lib/tinyusb/src/device/usbd_control.c.obj
 *fill*         0x10007109        0x3 
 .rodata.__func__.1
                0x1000710c       0x11 CMakeFiles/psram-test.dir/F_/Dev/tools/pico-sdk-master/lib/tinyusb/src/device/usbd_control.c.obj
 .rodata.tud_cdc_n_write_flush.str1.4
                0x1000711d       0x17 CMakeFiles/psram-test.dir/F_/Dev/tools/pico-sdk-master/lib/tinyusb/src/class/cdc/cdc_device.c.obj
 *fill*         0x1000711d        0x3 
 .rodata.__func__.0
                0x10007120        0xd CMakeFiles/psram-test.dir/F_/Dev/tools/pico-sdk-master/lib/tinyusb/src/class/cdc/cdc_device.c.obj
 *fill*         0x1000712d        0x3 
 .rodata.__func__.1
                0x10007130        0xa CMakeFiles/psram-test.dir/F_/Dev/tools/pico-sdk-master/lib/tinyusb/src/class/cdc/cdc_device.c.obj
 *fill*         0x1000713a        0x2 
 .rodata.__func__.3
                0x1000713c       0x16 CMakeFiles/psram-test.dir/F_/Dev/tools/pico-sdk-master/lib/tinyusb/src/class/cdc/cdc_device.c.obj
 .rodata.vendord_open.str1.4
                0x10007152       0x17 CMakeFiles/psram-test.dir/F_/Dev/tools/pico-sdk-master/lib/tinyusb/src/class/vendor/vendor_device.c.obj
 *fill*         0x10007152        0x2 
 .rodata.__func__.0
                0x10007154        0xd CMakeFiles/psram-test.dir/F_/Dev/tools/pico-sdk-master/lib/tinyusb/src/class/vendor/vendor_device.c.obj
 .rodata.tusb_init.str1.4
                0x10007161       0x17 CMakeFiles/psram-test.dir/F_/Dev/tools/pico-sdk-master/lib/tinyusb/src/tusb.c.obj
 *fill*         0x10007161        0x3 
 .rodata.__func__.0
                0x10007164       0x19 CMakeFiles/psram-test.dir/F_/Dev/tools/pico-sdk-master/lib/tinyusb/src/tusb.c.obj
 *fill*         0x1000717d        0x3 
 .rodata.__func__.2
                0x10007180       0x1a CMakeFiles/psram-test.dir/F_/Dev/tools/pico-sdk-master/lib/tinyusb/src/tusb.c.obj
 *fill*         0x1000719a        0x2 
 .rodata.__func__.3
                0x1000719c       0x23 CMakeFiles/psram-test.dir/F_/Dev/tools/pico-sdk-master/lib/tinyusb/src/tusb.c.obj
 *fill*         0x100071bf        0x1 
 .rodata.__func__.4
                0x100071c0       0x11 CMakeFiles/psram-test.dir/F_/Dev/tools/pico-sdk-master/lib/tinyusb/src/tusb.c.obj
 *fill*         0x100071d1        0x3 
 .rodata.__func__.5
                0x100071d4        0xa CMakeFiles/psram-test.dir/F_/Dev/tools/pico-sdk-master/lib/tinyusb/src/tusb.c.obj
 *(.srodata*)
                0x100071e0                        . = ALIGN (0x4)
 *fill*         0x100071de        0x2 
 *(SORT_BY_ALIGNMENT(SORT_BY_NAME(.flashdata*)))
                0x100071e0                        . = ALIGN (0x4)

.ARM.extab
 *(.ARM.extab* .gnu.linkonce.armextab.*)
                0x100071e0                        __exidx_start = .

.ARM.exidx      0x100071e0        0x8
 *(.ARM.exidx* .gnu.linkonce.armexidx.*)
 .ARM.exidx     0x100071e0        0x8 C:/PROGRA~2/ARMGNU~1/13C7F1~1.2R~/bin/../lib/gcc/arm-none-eabi/13.2.1/thumb/v8-m.main+fp/softfp\libg.a(libc_a-memcpy.o)
 .ARM.exidx.text.__udivmoddi4
                0x100071e8        0x0 C:/PROGRA~2/ARMGNU~1/13C7F1~1.2R~/bin/../lib/gcc/arm-none-eabi/13.2.1/thumb/v8-m.main+fp/softfp\libgcc.a(_udivmoddi4.o)
                                  0x8 (size before relaxing)
                0x100071e8                        __exidx_end = .
                0x100071e8                        . = ALIGN (0x4)
                0x100071e8                        __binary_info_start = .

.binary_info    0x100071e8       0x28
 *(.binary_info.keep.*)
 .binary_info.keep.__bi_ptr32
                0x100071e8        0x4 CMakeFiles/psram-test.dir/psram_test.c.obj
 .binary_info.keep.__bi_ptr31
                0x100071ec        0x4 CMakeFiles/psram-test.dir/psram_test.c.obj
 .binary_info.keep.__bi_ptr84
                0x100071f0        0x4 CMakeFiles/psram-test.dir/F_/Dev/tools/pico-sdk-master/src/rp2_common/pico_standard_binary_info/standard_binary_info.c.obj
 .binary_info.keep.__bi_ptr78
                0x100071f4        0x4 CMakeFiles/psram-test.dir/F_/Dev/tools/pico-sdk-master/src/rp2_common/pico_standard_binary_info/standard_binary_info.c.obj
 .binary_info.keep.__bi_ptr54
                0x100071f8        0x4 CMakeFiles/psram-test.dir/F_/Dev/tools/pico-sdk-master/src/rp2_common/pico_standard_binary_info/standard_binary_info.c.obj
 .binary_info.keep.__bi_ptr48
                0x100071fc        0x4 CMakeFiles/psram-test.dir/F_/Dev/tools/pico-sdk-master/src/rp2_common/pico_standard_binary_info/standard_binary_info.c.obj
 .binary_info.keep.__bi_ptr42
                0x10007200        0x4 CMakeFiles/psram-test.dir/F_/Dev/tools/pico-sdk-master/src/rp2_common/pico_standard_binary_info/standard_binary_info.c.obj
 .binary_info.keep.__bi_ptr34
                0x10007204        0x4 CMakeFiles/psram-test.dir/F_/Dev/tools/pico-sdk-master/src/rp2_common/pico_standard_binary_info/standard_binary_info.c.obj
 .binary_info.keep.__bi_ptr26
                0x10007208        0x4 CMakeFiles/psram-test.dir/F_/Dev/tools/pico-sdk-master/src/rp2_common/pico_standard_binary_info/standard_binary_info.c.obj
 *(.binary_info.*)
 .binary_info.__bi_ptr197
                0x1000720c        0x4 CMakeFiles/psram-test.dir/F_/Dev/tools/pico-sdk-master/src/rp2_common/pico_stdio_usb/stdio_usb.c.obj
                0x10007210                        __binary_info_end = .
                0x10007210                        . = ALIGN (0x4)

.ram_vector_table
                0x20000000      0x110
 *(.ram_vector_table)
 .ram_vector_table
                0x20000000      0x110 CMakeFiles/psram-test.dir/F_/Dev/tools/pico-sdk-master/src/rp2_common/pico_runtime_init/runtime_init.c.obj
                0x20000000                ram_vector_table

.uninitialized_data
                0x20000110        0x0
                0x20000110                        . = ALIGN (0x4)
 *(.uninitialized_data*)

.data           0x20000110     0x100c load address 0x10007210
                0x20000110                        __data_start__ = .
 *(vtable)
 *(.time_critical*)
 .time_critical.qmi_psram_write32
                0x20000110        0x8 CMakeFiles/psram-test.dir/rp2_psram.c.obj
                0x20000110                qmi_psram_write32
 .time_critical.qmi_psram_read32
                0x20000118        0x8 CMakeFiles/psram-test.dir/rp2_psram.c.obj
                0x20000118                qmi_psram_read32
 .time_critical.psram_set_qmi_timing
                0x20000120       0x44 CMakeFiles/psram-test.dir/rp2_psram.c.obj
                0x20000120                psram_set_qmi_timing
 .time_critical.psram_detect
                0x20000164       0xec CMakeFiles/psram-test.dir/rp2_psram.c.obj
                0x20000164                psram_detect
 .time_critical.psram_init
                0x20000250      0x104 CMakeFiles/psram-test.dir/rp2_psram.c.obj
                0x20000250                psram_init
 .time_critical.mutex_try_enter
                0x20000354       0x58 CMakeFiles/psram-test.dir/F_/Dev/tools/pico-sdk-master/src/common/pico_sync/mutex.c.obj
                0x20000354                mutex_try_enter
 .time_critical.mutex_enter_block_until
                0x200003ac       0x84 CMakeFiles/psram-test.dir/F_/Dev/tools/pico-sdk-master/src/common/pico_sync/mutex.c.obj
                0x200003ac                mutex_enter_block_until
 .time_critical.mutex_try_enter_block_until
                0x20000430       0x32 CMakeFiles/psram-test.dir/F_/Dev/tools/pico-sdk-master/src/common/pico_sync/mutex.c.obj
                0x20000430                mutex_try_enter_block_until
 .time_critical.mutex_enter_timeout_ms
                0x20000462       0x52 CMakeFiles/psram-test.dir/F_/Dev/tools/pico-sdk-master/src/common/pico_sync/mutex.c.obj
                0x20000462                mutex_enter_timeout_ms
 .time_critical.mutex_exit
                0x200004b4       0x58 CMakeFiles/psram-test.dir/F_/Dev/tools/pico-sdk-master/src/common/pico_sync/mutex.c.obj
                0x200004b4                mutex_exit
 .time_critical.reset_non_control_endpoints
                0x2000050c       0x40 CMakeFiles/psram-test.dir/F_/Dev/tools/pico-sdk-master/lib/tinyusb/src/portable/raspberrypi/rp2040/dcd_rp2040.c.obj
 .time_critical.hw_handle_buff_status
                0x2000054c       0x90 CMakeFiles/psram-test.dir/F_/Dev/tools/pico-sdk-master/lib/tinyusb/src/portable/raspberrypi/rp2040/dcd_rp2040.c.obj
 .time_critical.dcd_rp2040_irq
                0x200005dc      0x1fc CMakeFiles/psram-test.dir/F_/Dev/tools/pico-sdk-master/lib/tinyusb/src/portable/raspberrypi/rp2040/dcd_rp2040.c.obj
 .time_critical.prepare_ep_buffer
                0x200007d8       0x5a CMakeFiles/psram-test.dir/F_/Dev/tools/pico-sdk-master/lib/tinyusb/src/portable/raspberrypi/rp2040/rp2040_usb.c.obj
 *fill*         0x20000832        0x2 
 .time_critical.e15_is_bulkin_ep
                0x20000834       0x2c CMakeFiles/psram-test.dir/F_/Dev/tools/pico-sdk-master/lib/tinyusb/src/portable/raspberrypi/rp2040/rp2040_usb.c.obj
 .time_critical.e15_is_critical_frame_period
                0x20000860       0x28 CMakeFiles/psram-test.dir/F_/Dev/tools/pico-sdk-master/lib/tinyusb/src/portable/raspberrypi/rp2040/rp2040_usb.c.obj
 .time_critical.sync_ep_buffer
                0x20000888       0x7c CMakeFiles/psram-test.dir/F_/Dev/tools/pico-sdk-master/lib/tinyusb/src/portable/raspberrypi/rp2040/rp2040_usb.c.obj
 .time_critical._hw_endpoint_xfer_sync
                0x20000904       0x2a CMakeFiles/psram-test.dir/F_/Dev/tools/pico-sdk-master/lib/tinyusb/src/portable/raspberrypi/rp2040/rp2040_usb.c.obj
 .time_critical.hw_endpoint_reset_transfer
                0x2000092e        0xc CMakeFiles/psram-test.dir/F_/Dev/tools/pico-sdk-master/lib/tinyusb/src/portable/raspberrypi/rp2040/rp2040_usb.c.obj
                0x2000092e                hw_endpoint_reset_transfer
 *fill*         0x2000093a        0x2 
 .time_critical._hw_endpoint_buffer_control_update32
                0x2000093c       0x4c CMakeFiles/psram-test.dir/F_/Dev/tools/pico-sdk-master/lib/tinyusb/src/portable/raspberrypi/rp2040/rp2040_usb.c.obj
                0x2000093c                _hw_endpoint_buffer_control_update32
 .time_critical.hw_endpoint_start_next_buffer
                0x20000988       0x70 CMakeFiles/psram-test.dir/F_/Dev/tools/pico-sdk-master/lib/tinyusb/src/portable/raspberrypi/rp2040/rp2040_usb.c.obj
                0x20000988                hw_endpoint_start_next_buffer
 .time_critical.hw_endpoint_xfer_continue
                0x200009f8       0x3c CMakeFiles/psram-test.dir/F_/Dev/tools/pico-sdk-master/lib/tinyusb/src/portable/raspberrypi/rp2040/rp2040_usb.c.obj
                0x200009f8                hw_endpoint_xfer_continue
 .time_critical.tinyusb
                0x20000a34      0x210 CMakeFiles/psram-test.dir/F_/Dev/tools/pico-sdk-master/lib/tinyusb/src/device/usbd.c.obj
                0x20000a34                dcd_event_handler
 *(.text*)
 .text          0x20000c44       0xa0 C:/PROGRA~2/ARMGNU~1/13C7F1~1.2R~/bin/../lib/gcc/arm-none-eabi/13.2.1/thumb/v8-m.main+fp/softfp\libgcc.a(_aeabi_ldivmod.o)
                0x20000c44                __aeabi_ldivmod
 .text          0x20000ce4       0x30 C:/PROGRA~2/ARMGNU~1/13C7F1~1.2R~/bin/../lib/gcc/arm-none-eabi/13.2.1/thumb/v8-m.main+fp/softfp\libgcc.a(_aeabi_uldivmod.o)
                0x20000ce4                __aeabi_uldivmod
 .text.__udivmoddi4
                0x20000d14      0x300 C:/PROGRA~2/ARMGNU~1/13C7F1~1.2R~/bin/../lib/gcc/arm-none-eabi/13.2.1/thumb/v8-m.main+fp/softfp\libgcc.a(_udivmoddi4.o)
                0x20000d14                __udivmoddi4
 .text          0x20001014        0x4 C:/PROGRA~2/ARMGNU~1/13C7F1~1.2R~/bin/../lib/gcc/arm-none-eabi/13.2.1/thumb/v8-m.main+fp/softfp\libgcc.a(_dvmd_tls.o)
                0x20001014                __aeabi_idiv0
                0x20001014                __aeabi_ldiv0
 .text.__stub   0x20001018       0x60 linker stubs
                0x20001078                        . = ALIGN (0x4)
 *(.rodata*)
                0x20001078                        . = ALIGN (0x4)
 *(.data*)
 .data.striped_spin_lock_num
                0x20001078        0x1 CMakeFiles/psram-test.dir/F_/Dev/tools/pico-sdk-master/src/rp2_common/hardware_sync/sync.c.obj
 *fill*         0x20001079        0x3 
 .data          0x2000107c       0x48 CMakeFiles/psram-test.dir/F_/Dev/tools/pico-sdk-master/src/rp2_common/hardware_irq/irq_handler_chain.S.obj
                0x2000107c                irq_handler_chain_slots
                0x200010ac                irq_handler_chain_first_slot
                0x200010b6                irq_handler_chain_remove_tail
 .data.default_alarm_pool
                0x200010c4       0x18 CMakeFiles/psram-test.dir/F_/Dev/tools/pico-sdk-master/src/common/pico_time/time.c.obj
 .data.stdio_usb